Archive member included to satisfy reference by file (symbol)

.pio/build/nucleo_l432kc/lib7f8/libVL53L1X.a(VL53L1X.cpp.o)
                              .pio/build/nucleo_l432kc/src/main.cpp.o (VL53L1X::VL53L1X())
.pio/build/nucleo_l432kc/libbd3/libServo.a(Servo.cpp.o)
                              .pio/build/nucleo_l432kc/src/main.cpp.o (Servo::Servo())
.pio/build/nucleo_l432kc/libb73/libBase.a(Base.cpp.o)
                              .pio/build/nucleo_l432kc/src/main.cpp.o (Base::init())
.pio/build/nucleo_l432kc/libFrameworkArduino.a(HardwareSerial.cpp.o)
                              .pio/build/nucleo_l432kc/src/main.cpp.o (Serial2)
.pio/build/nucleo_l432kc/libFrameworkArduino.a(Print.cpp.o)
                              .pio/build/nucleo_l432kc/libb73/libBase.a(Base.cpp.o) (Print::print(char const*))
.pio/build/nucleo_l432kc/libFrameworkArduino.a(Stream.cpp.o)
                              .pio/build/nucleo_l432kc/libFrameworkArduino.a(HardwareSerial.cpp.o) (Stream::readBytes(char*, unsigned int))
.pio/build/nucleo_l432kc/libFrameworkArduino.a(WMath.cpp.o)
                              .pio/build/nucleo_l432kc/libbd3/libServo.a(Servo.cpp.o) (map(long, long, long, long, long))
.pio/build/nucleo_l432kc/libFrameworkArduino.a(WString.cpp.o)
                              .pio/build/nucleo_l432kc/libFrameworkArduino.a(Stream.cpp.o) (String::String(char const*))
.pio/build/nucleo_l432kc/libFrameworkArduino.a(dtostrf.c.o)
                              .pio/build/nucleo_l432kc/libFrameworkArduino.a(WString.cpp.o) (dtostrf)
.pio/build/nucleo_l432kc/libFrameworkArduino.a(itoa.c.o)
                              .pio/build/nucleo_l432kc/libFrameworkArduino.a(WString.cpp.o) (ltoa)
.pio/build/nucleo_l432kc/libFrameworkArduino.a(main.cpp.o)
                              c:/users/chass/.platformio/packages/toolchain-gccarmnoneeabi/bin/../lib/gcc/arm-none-eabi/12.3.1/../../../../arm-none-eabi/lib/thumb/v7e-m+fp/hard/crt0.o (main)
.pio/build/nucleo_l432kc/libFrameworkArduino.a(startup_stm32yyxx.S.o)
                              (Reset_Handler)
.pio/build/nucleo_l432kc/libFrameworkArduino.a(wiring_digital.c.o)
                              .pio/build/nucleo_l432kc/src/main.cpp.o (pinMode)
.pio/build/nucleo_l432kc/libFrameworkArduino.a(wiring_time.c.o)
                              .pio/build/nucleo_l432kc/lib7f8/libVL53L1X.a(VL53L1X.cpp.o) (millis)
.pio/build/nucleo_l432kc/libFrameworkArduino.a(WSerial.cpp.o)
                              .pio/build/nucleo_l432kc/libFrameworkArduino.a(main.cpp.o) (serialEventRun())
.pio/build/nucleo_l432kc/libFrameworkArduino.a(board.c.o)
                              .pio/build/nucleo_l432kc/libFrameworkArduino.a(main.cpp.o) (init)
.pio/build/nucleo_l432kc/libFrameworkArduino.a(hooks.c.o)
                              .pio/build/nucleo_l432kc/libFrameworkArduino.a(wiring_time.c.o) (yield)
.pio/build/nucleo_l432kc/libFrameworkArduino.a(wiring_analog.c.o)
                              .pio/build/nucleo_l432kc/libFrameworkArduino.a(wiring_digital.c.o) (g_anOutputPinConfigured)
.pio/build/nucleo_l432kc/libFrameworkArduino.a(pins_arduino.c.o)
                              .pio/build/nucleo_l432kc/libFrameworkArduino.a(wiring_analog.c.o) (analogInputToPinName)
c:/users/chass/.platformio/packages/toolchain-gccarmnoneeabi/bin/../lib/gcc/arm-none-eabi/12.3.1/thumb/v7e-m+fp/hard\libgcc.a(_arm_muldf3.o)
                              .pio/build/nucleo_l432kc/SrcWrapper/src/HardwareTimer.cpp.o (__aeabi_dmul)
c:/users/chass/.platformio/packages/toolchain-gccarmnoneeabi/bin/../lib/gcc/arm-none-eabi/12.3.1/thumb/v7e-m+fp/hard\libgcc.a(_arm_addsubdf3.o)
                              .pio/build/nucleo_l432kc/libFrameworkArduino.a(Print.cpp.o) (__aeabi_dsub)
c:/users/chass/.platformio/packages/toolchain-gccarmnoneeabi/bin/../lib/gcc/arm-none-eabi/12.3.1/thumb/v7e-m+fp/hard\libgcc.a(_arm_muldivdf3.o)
                              .pio/build/nucleo_l432kc/SrcWrapper/src/HardwareTimer.cpp.o (__aeabi_ddiv)
c:/users/chass/.platformio/packages/toolchain-gccarmnoneeabi/bin/../lib/gcc/arm-none-eabi/12.3.1/thumb/v7e-m+fp/hard\libgcc.a(_arm_cmpdf2.o)
                              .pio/build/nucleo_l432kc/libFrameworkArduino.a(Print.cpp.o) (__aeabi_dcmplt)
c:/users/chass/.platformio/packages/toolchain-gccarmnoneeabi/bin/../lib/gcc/arm-none-eabi/12.3.1/thumb/v7e-m+fp/hard\libgcc.a(_arm_unorddf2.o)
                              .pio/build/nucleo_l432kc/libFrameworkArduino.a(Print.cpp.o) (__aeabi_dcmpun)
c:/users/chass/.platformio/packages/toolchain-gccarmnoneeabi/bin/../lib/gcc/arm-none-eabi/12.3.1/thumb/v7e-m+fp/hard\libgcc.a(_arm_fixdfsi.o)
                              .pio/build/nucleo_l432kc/libFrameworkArduino.a(dtostrf.c.o) (__aeabi_d2iz)
c:/users/chass/.platformio/packages/toolchain-gccarmnoneeabi/bin/../lib/gcc/arm-none-eabi/12.3.1/thumb/v7e-m+fp/hard\libgcc.a(_arm_fixunsdfsi.o)
                              .pio/build/nucleo_l432kc/SrcWrapper/src/HardwareTimer.cpp.o (__aeabi_d2uiz)
[...]
Memory Configuration

Name             Origin             Length             Attributes
*default*        0x00000000         0xffffffff
RAM              0x20000000         0x00010000         xrw
FLASH            0x08000000         0x00040000         xr

Linker script and memory map

                0x20010000                        _estack = (ORIGIN (RAM) + LENGTH (RAM))
                0x00000200                        _Min_Heap_Size = 0x200
                0x00000400                        _Min_Stack_Size = 0x400

.isr_vector     0x08000000      0x18c
                0x08000000                        . = ALIGN (0x4)
 *(.isr_vector)
 .isr_vector    0x08000000      0x18c .pio/build/nucleo_l432kc/libFrameworkArduino.a(startup_stm32yyxx.S.o)
                0x08000000                g_pfnVectors
                0x0800018c                        . = ALIGN (0x4)

.text           0x08000190     0x91d4
                0x08000190                        . = ALIGN (0x4)
 *(.text)
 .text          0x08000190      0x378 c:/users/chass/.platformio/packages/toolchain-gccarmnoneeabi/bin/../lib/gcc/arm-none-eabi/12.3.1/thumb/v7e-m+fp/hard\libgcc.a(_arm_addsubdf3.o)
                0x08000190                __aeabi_drsub
                0x08000198                __aeabi_dsub
                0x08000198                __subdf3
                0x0800019c                __aeabi_dadd
                0x0800019c                __adddf3
                0x08000414                __floatunsidf
                0x08000414                __aeabi_ui2d
                0x08000434                __floatsidf
                0x08000434                __aeabi_i2d
                0x08000458                __aeabi_f2d
                0x08000458                __extendsfdf2
                0x0800049c                __floatundidf
                0x0800049c                __aeabi_ul2d
                0x080004ac                __floatdidf
                0x080004ac                __aeabi_l2d
 .text          0x08000508      0x424 c:/users/chass/.platformio/packages/toolchain-gccarmnoneeabi/bin/../lib/gcc/arm-none-eabi/12.3.1/thumb/v7e-m+fp/hard\libgcc.a(_arm_muldivdf3.o)
                0x08000508                __aeabi_dmul
                0x08000508                __muldf3
                0x0800075c                __divdf3
                0x0800075c                __aeabi_ddiv
 .text          0x0800092c      0x110 c:/users/chass/.platformio/packages/toolchain-gccarmnoneeabi/bin/../lib/gcc/arm-none-eabi/12.3.1/thumb/v7e-m+fp/hard\libgcc.a(_arm_cmpdf2.o)
                0x0800092c                __gtdf2
                0x0800092c                __gedf2
                0x08000934                __ltdf2
                0x08000934                __ledf2
                0x0800093c                __nedf2
                0x0800093c                __eqdf2
                0x0800093c                __cmpdf2
                0x080009b8                __aeabi_cdrcmple
                0x080009c8                __aeabi_cdcmpeq
                0x080009c8                __aeabi_cdcmple
                0x080009d8                __aeabi_dcmpeq
                0x080009ec                __aeabi_dcmplt
                0x08000a00                __aeabi_dcmple
                0x08000a14                __aeabi_dcmpge
                0x08000a28                __aeabi_dcmpgt
 .text          0x08000a3c       0x2c c:/users/chass/.platformio/packages/toolchain-gccarmnoneeabi/bin/../lib/gcc/arm-none-eabi/12.3.1/thumb/v7e-m+fp/hard\libgcc.a(_arm_unorddf2.o)
                0x08000a3c                __unorddf2
                0x08000a3c                __aeabi_dcmpun
 .text          0x08000a68       0x50 c:/users/chass/.platformio/packages/toolchain-gccarmnoneeabi/bin/../lib/gcc/arm-none-eabi/12.3.1/thumb/v7e-m+fp/hard\libgcc.a(_arm_fixdfsi.o)
                0x08000a68                __aeabi_d2iz
                0x08000a68                __fixdfsi
 .text          0x08000ab8       0x40 c:/users/chass/.platformio/packages/toolchain-gccarmnoneeabi/bin/../lib/gcc/arm-none-eabi/12.3.1/thumb/v7e-m+fp/hard\libgcc.a(_arm_fixunsdfsi.o)
                0x08000ab8                __aeabi_d2uiz
                0x08000ab8                __fixunsdfsi
 .text          0x08000af8       0xa0 c:/users/chass/.platformio/packages/toolchain-gccarmnoneeabi/bin/../lib/gcc/arm-none-eabi/12.3.1/thumb/v7e-m+fp/hard\libgcc.a(_arm_truncdfsf2.o)
                0x08000af8                __truncdfsf2
                0x08000af8                __aeabi_d2f
 .text          0x08000b98       0x30 c:/users/chass/.platformio/packages/toolchain-gccarmnoneeabi/bin/../lib/gcc/arm-none-eabi/12.3.1/thumb/v7e-m+fp/hard\libgcc.a(_aeabi_uldivmod.o)
                0x08000b98                __aeabi_uldivmod
 .text          0x08000bc8        0x4 c:/users/chass/.platformio/packages/toolchain-gccarmnoneeabi/bin/../lib/gcc/arm-none-eabi/12.3.1/thumb/v7e-m+fp/hard\libgcc.a(_dvmd_tls.o)
                0x08000bc8                __aeabi_idiv0
                0x08000bc8                __aeabi_ldiv0
 .text          0x08000bcc       0x10 c:/users/chass/.platformio/packages/toolchain-gccarmnoneeabi/bin/../lib/gcc/arm-none-eabi/12.3.1/../../../../arm-none-eabi/lib/thumb/v7e-m+fp/hard\libc_nano.a(libc_a-strlen.o)
                0x08000bcc                strlen
 *(.text*)
 .text.__do_global_dtors_aux
                0x08000bdc       0x24 c:/users/chass/.platformio/packages/toolchain-gccarmnoneeabi/bin/../lib/gcc/arm-none-eabi/12.3.1/thumb/v7e-m+fp/hard/crtbegin.o
 .text.frame_dummy
                0x08000c00       0x1c c:/users/chass/.platformio/packages/toolchain-gccarmnoneeabi/bin/../lib/gcc/arm-none-eabi/12.3.1/thumb/v7e-m+fp/hard/crtbegin.o
 .text.SystemClock_Config
                0x08000c1c       0xa8 .pio/build/nucleo_l432kc/FrameworkArduinoVariant/variant_NUCLEO_L432KC.cpp.o
                0x08000c1c                SystemClock_Config
 .text.HAL_MspInit
                0x08000cc4        0x2 .pio/build/nucleo_l432kc/SrcWrapper/src/HAL/stm32yyxx_hal.c.o
                0x08000cc4                HAL_MspInit
 *fill*         0x08000cc6        0x2 
 .text.HAL_InitTick
                0x08000cc8       0x4c .pio/build/nucleo_l432kc/SrcWrapper/src/HAL/stm32yyxx_hal.c.o
                0x08000cc8                HAL_InitTick
 .text.HAL_Init
                0x08000d14       0x1e .pio/build/nucleo_l432kc/SrcWrapper/src/HAL/stm32yyxx_hal.c.o
                0x08000d14                HAL_Init
 *fill*         0x08000d32        0x2 
 .text.HAL_IncTick
                0x08000d34       0x18 .pio/build/nucleo_l432kc/SrcWrapper/src/HAL/stm32yyxx_hal.c.o
                0x08000d34                HAL_IncTick
 .text.HAL_GetTick
                0x08000d4c        0xc .pio/build/nucleo_l432kc/SrcWrapper/src/HAL/stm32yyxx_hal.c.o
                0x08000d4c                HAL_GetTick
 .text.HAL_NVIC_SetPriorityGrouping
                0x08000d58       0x24 .pio/build/nucleo_l432kc/SrcWrapper/src/HAL/stm32yyxx_hal_cortex.c.o
                0x08000d58                HAL_NVIC_SetPriorityGrouping
 .text.HAL_NVIC_SetPriority
                0x08000d7c       0x64 .pio/build/nucleo_l432kc/SrcWrapper/src/HAL/stm32yyxx_hal_cortex.c.o
                0x08000d7c                HAL_NVIC_SetPriority
 .text.HAL_NVIC_EnableIRQ
                0x08000de0       0x1c .pio/build/nucleo_l432kc/SrcWrapper/src/HAL/stm32yyxx_hal_cortex.c.o
                0x08000de0                HAL_NVIC_EnableIRQ
 .text.HAL_NVIC_DisableIRQ
                0x08000dfc       0x24 .pio/build/nucleo_l432kc/SrcWrapper/src/HAL/stm32yyxx_hal_cortex.c.o
                0x08000dfc                HAL_NVIC_DisableIRQ
 .text.HAL_SYSTICK_Config
                0x08000e20       0x28 .pio/build/nucleo_l432kc/SrcWrapper/src/HAL/stm32yyxx_hal_cortex.c.o
                0x08000e20                HAL_SYSTICK_Config
 .text.HAL_NVIC_ClearPendingIRQ
                0x08000e48       0x1c .pio/build/nucleo_l432kc/SrcWrapper/src/HAL/stm32yyxx_hal_cortex.c.o
                0x08000e48                HAL_NVIC_ClearPendingIRQ
 .text.HAL_SYSTICK_Callback
                0x08000e64        0x2 .pio/build/nucleo_l432kc/SrcWrapper/src/HAL/stm32yyxx_hal_cortex.c.o
                0x08000e64                HAL_SYSTICK_Callback
 .text.HAL_SYSTICK_IRQHandler
                0x08000e66        0x8 .pio/build/nucleo_l432kc/SrcWrapper/src/HAL/stm32yyxx_hal_cortex.c.o
                0x08000e66                HAL_SYSTICK_IRQHandler
 .text.HAL_CRC_MspInit
                0x08000e6e        0x2 .pio/build/nucleo_l432kc/SrcWrapper/src/HAL/stm32yyxx_hal_crc.c.o
                0x08000e6e                HAL_CRC_MspInit
 .text.HAL_CRC_Init
                0x08000e70       0x74 .pio/build/nucleo_l432kc/SrcWrapper/src/HAL/stm32yyxx_hal_crc.c.o
                0x08000e70                HAL_CRC_Init
 .text.HAL_CRCEx_Polynomial_Set
                0x08000ee4       0x52 .pio/build/nucleo_l432kc/SrcWrapper/src/HAL/stm32yyxx_hal_crc_ex.c.o
                0x08000ee4                HAL_CRCEx_Polynomial_Set
 .text.HAL_DAC_DeInit
                0x08000f36       0x1c .pio/build/nucleo_l432kc/SrcWrapper/src/HAL/stm32yyxx_hal_dac.c.o
                0x08000f36                HAL_DAC_DeInit
 .text.HAL_DAC_Stop
                0x08000f52       0x1c .pio/build/nucleo_l432kc/SrcWrapper/src/HAL/stm32yyxx_hal_dac.c.o
                0x08000f52                HAL_DAC_Stop
 .text.HAL_DMA_Abort
                0x08000f6e       0x42 .pio/build/nucleo_l432kc/SrcWrapper/src/HAL/stm32yyxx_hal_dma.c.o
                0x08000f6e                HAL_DMA_Abort
 .text.HAL_DMA_Abort_IT
                0x08000fb0       0x48 .pio/build/nucleo_l432kc/SrcWrapper/src/HAL/stm32yyxx_hal_dma.c.o
                0x08000fb0                HAL_DMA_Abort_IT
 .text.HAL_DMA_GetState
                0x08000ff8        0x6 .pio/build/nucleo_l432kc/SrcWrapper/src/HAL/stm32yyxx_hal_dma.c.o
                0x08000ff8                HAL_DMA_GetState
 *fill*         0x08000ffe        0x2 
 .text.HAL_GPIO_EXTI_IRQHandler
                0x08001000       0x18 .pio/build/nucleo_l432kc/SrcWrapper/src/HAL/stm32yyxx_hal_gpio.c.o
                0x08001000                HAL_GPIO_EXTI_IRQHandler
 .text.I2C_Flush_TXDR
                0x08001018       0x1c .pio/build/nucleo_l432kc/SrcWrapper/src/HAL/stm32yyxx_hal_i2c.c.o
 .text.I2C_TransferConfig
                0x08001034       0x2c .pio/build/nucleo_l432kc/SrcWrapper/src/HAL/stm32yyxx_hal_i2c.c.o
 .text.I2C_Enable_IRQ
                0x08001060       0x88 .pio/build/nucleo_l432kc/SrcWrapper/src/HAL/stm32yyxx_hal_i2c.c.o
 .text.I2C_Disable_IRQ
                0x080010e8       0x42 .pio/build/nucleo_l432kc/SrcWrapper/src/HAL/stm32yyxx_hal_i2c.c.o
 .text.I2C_WaitOnFlagUntilTimeout
                0x0800112a       0x66 .pio/build/nucleo_l432kc/SrcWrapper/src/HAL/stm32yyxx_hal_i2c.c.o
 .text.I2C_ConvertOtherXferOptions
                0x08001190       0x1a .pio/build/nucleo_l432kc/SrcWrapper/src/HAL/stm32yyxx_hal_i2c.c.o
 .text.HAL_I2C_MspInit
                0x080011aa        0x2 .pio/build/nucleo_l432kc/SrcWrapper/src/HAL/stm32yyxx_hal_i2c.c.o
                0x080011aa                HAL_I2C_MspInit
 .text.HAL_I2C_Init
                0x080011ac       0xaa .pio/build/nucleo_l432kc/SrcWrapper/src/HAL/stm32yyxx_hal_i2c.c.o
                0x080011ac                HAL_I2C_Init
 .text.HAL_I2C_MspDeInit
                0x08001256        0x2 .pio/build/nucleo_l432kc/SrcWrapper/src/HAL/stm32yyxx_hal_i2c.c.o
                0x08001256                HAL_I2C_MspDeInit
 .text.HAL_I2C_DeInit
                0x08001258       0x32 .pio/build/nucleo_l432kc/SrcWrapper/src/HAL/stm32yyxx_hal_i2c.c.o
                0x08001258                HAL_I2C_DeInit
 .text.HAL_I2C_IsDeviceReady
                0x0800128a      0x118 .pio/build/nucleo_l432kc/SrcWrapper/src/HAL/stm32yyxx_hal_i2c.c.o
                0x0800128a                HAL_I2C_IsDeviceReady
 *fill*         0x080013a2        0x2 
 .text.HAL_I2C_Master_Seq_Transmit_IT
                0x080013a4       0xe8 .pio/build/nucleo_l432kc/SrcWrapper/src/HAL/stm32yyxx_hal_i2c.c.o
                0x080013a4                HAL_I2C_Master_Seq_Transmit_IT
 .text.HAL_I2C_Master_Seq_Receive_IT
                0x0800148c       0xa4 .pio/build/nucleo_l432kc/SrcWrapper/src/HAL/stm32yyxx_hal_i2c.c.o
                0x0800148c                HAL_I2C_Master_Seq_Receive_IT
 .text.HAL_I2C_Slave_Seq_Transmit_IT
                0x08001530       0xc4 .pio/build/nucleo_l432kc/SrcWrapper/src/HAL/stm32yyxx_hal_i2c.c.o
                0x08001530                HAL_I2C_Slave_Seq_Transmit_IT
 .text.HAL_I2C_Slave_Seq_Receive_IT
                0x080015f4       0xc4 .pio/build/nucleo_l432kc/SrcWrapper/src/HAL/stm32yyxx_hal_i2c.c.o
                0x080015f4                HAL_I2C_Slave_Seq_Receive_IT
 .text.HAL_I2C_EnableListen_IT
                0x080016b8       0x28 .pio/build/nucleo_l432kc/SrcWrapper/src/HAL/stm32yyxx_hal_i2c.c.o
                0x080016b8                HAL_I2C_EnableListen_IT
 .text.HAL_I2C_EV_IRQHandler
                0x080016e0        0xe .pio/build/nucleo_l432kc/SrcWrapper/src/HAL/stm32yyxx_hal_i2c.c.o
                0x080016e0                HAL_I2C_EV_IRQHandler
 .text.HAL_I2C_MasterTxCpltCallback
                0x080016ee        0x2 .pio/build/nucleo_l432kc/SrcWrapper/src/HAL/stm32yyxx_hal_i2c.c.o
                0x080016ee                HAL_I2C_MasterTxCpltCallback
 .text.HAL_I2C_MasterRxCpltCallback
                0x080016f0        0x2 .pio/build/nucleo_l432kc/SrcWrapper/src/HAL/stm32yyxx_hal_i2c.c.o
                0x080016f0                HAL_I2C_MasterRxCpltCallback
 .text.I2C_ITMasterSeqCplt
                0x080016f2       0x44 .pio/build/nucleo_l432kc/SrcWrapper/src/HAL/stm32yyxx_hal_i2c.c.o
 .text.I2C_ITSlaveSeqCplt
                0x08001736       0x6c .pio/build/nucleo_l432kc/SrcWrapper/src/HAL/stm32yyxx_hal_i2c.c.o
 .text.I2C_ITAddrCplt.constprop.0
                0x080017a2       0x86 .pio/build/nucleo_l432kc/SrcWrapper/src/HAL/stm32yyxx_hal_i2c.c.o
 .text.I2C_ITListenCplt
                0x08001828       0x60 .pio/build/nucleo_l432kc/SrcWrapper/src/HAL/stm32yyxx_hal_i2c.c.o
 .text.HAL_I2C_MemTxCpltCallback
                0x08001888        0x2 .pio/build/nucleo_l432kc/SrcWrapper/src/HAL/stm32yyxx_hal_i2c.c.o
                0x08001888                HAL_I2C_MemTxCpltCallback
 .text.HAL_I2C_MemRxCpltCallback
                0x0800188a        0x2 .pio/build/nucleo_l432kc/SrcWrapper/src/HAL/stm32yyxx_hal_i2c.c.o
                0x0800188a                HAL_I2C_MemRxCpltCallback
 .text.HAL_I2C_AbortCpltCallback
                0x0800188c        0x2 .pio/build/nucleo_l432kc/SrcWrapper/src/HAL/stm32yyxx_hal_i2c.c.o
                0x0800188c                HAL_I2C_AbortCpltCallback
 .text.I2C_TreatErrorCallback
                0x0800188e       0x2c .pio/build/nucleo_l432kc/SrcWrapper/src/HAL/stm32yyxx_hal_i2c.c.o
 *fill*         0x080018ba        0x2 
 .text.I2C_ITError
                0x080018bc      0x108 .pio/build/nucleo_l432kc/SrcWrapper/src/HAL/stm32yyxx_hal_i2c.c.o
 .text.I2C_ITMasterCplt
                0x080019c4       0xec .pio/build/nucleo_l432kc/SrcWrapper/src/HAL/stm32yyxx_hal_i2c.c.o
 .text.I2C_Master_ISR_IT
                0x08001ab0      0x138 .pio/build/nucleo_l432kc/SrcWrapper/src/HAL/stm32yyxx_hal_i2c.c.o
 .text.I2C_Mem_ISR_DMA
                0x08001be8      0x128 .pio/build/nucleo_l432kc/SrcWrapper/src/HAL/stm32yyxx_hal_i2c.c.o
 .text.I2C_Master_ISR_DMA
                0x08001d10      0x102 .pio/build/nucleo_l432kc/SrcWrapper/src/HAL/stm32yyxx_hal_i2c.c.o
 .text.HAL_I2C_ER_IRQHandler
                0x08001e12       0x60 .pio/build/nucleo_l432kc/SrcWrapper/src/HAL/stm32yyxx_hal_i2c.c.o
                0x08001e12                HAL_I2C_ER_IRQHandler
 *fill*         0x08001e72        0x2 
 .text.I2C_ITSlaveCplt.constprop.0
                0x08001e74      0x148 .pio/build/nucleo_l432kc/SrcWrapper/src/HAL/stm32yyxx_hal_i2c.c.o
 .text.I2C_Slave_ISR_DMA
                0x08001fbc       0xf6 .pio/build/nucleo_l432kc/SrcWrapper/src/HAL/stm32yyxx_hal_i2c.c.o
 .text.I2C_Slave_ISR_IT
                0x080020b2      0x112 .pio/build/nucleo_l432kc/SrcWrapper/src/HAL/stm32yyxx_hal_i2c.c.o
 .text.I2C_DMAAbort
                0x080021c4       0x16 .pio/build/nucleo_l432kc/SrcWrapper/src/HAL/stm32yyxx_hal_i2c.c.o
 .text.HAL_I2C_GetState
                0x080021da        0x6 .pio/build/nucleo_l432kc/SrcWrapper/src/HAL/stm32yyxx_hal_i2c.c.o
                0x080021da                HAL_I2C_GetState
 .text.HAL_I2C_GetError
                0x080021e0        0x4 .pio/build/nucleo_l432kc/SrcWrapper/src/HAL/stm32yyxx_hal_i2c.c.o
                0x080021e0                HAL_I2C_GetError
 .text.HAL_PWR_EnableBkUpAccess
                0x080021e4       0x10 .pio/build/nucleo_l432kc/SrcWrapper/src/HAL/stm32yyxx_hal_pwr.c.o
                0x080021e4                HAL_PWR_EnableBkUpAccess
 .text.HAL_PWREx_GetVoltageRange
                0x080021f4       0x10 .pio/build/nucleo_l432kc/SrcWrapper/src/HAL/stm32yyxx_hal_pwr_ex.c.o
                0x080021f4                HAL_PWREx_GetVoltageRange
 .text.HAL_PWREx_ControlVoltageScaling
                0x08002204       0x6c .pio/build/nucleo_l432kc/SrcWrapper/src/HAL/stm32yyxx_hal_pwr_ex.c.o
                0x08002204                HAL_PWREx_ControlVoltageScaling
 .text.RCC_SetFlashLatencyFromMSIRange
                0x08002270       0x84 .pio/build/nucleo_l432kc/SrcWrapper/src/HAL/stm32yyxx_hal_rcc.c.o
 .text.HAL_RCC_GetSysClockFreq
                0x080022f4       0x9c .pio/build/nucleo_l432kc/SrcWrapper/src/HAL/stm32yyxx_hal_rcc.c.o
                0x080022f4                HAL_RCC_GetSysClockFreq
 .text.HAL_RCC_OscConfig
                0x08002390      0x544 .pio/build/nucleo_l432kc/SrcWrapper/src/HAL/stm32yyxx_hal_rcc.c.o
                0x08002390                HAL_RCC_OscConfig
 .text.HAL_RCC_ClockConfig
                0x080028d4      0x154 .pio/build/nucleo_l432kc/SrcWrapper/src/HAL/stm32yyxx_hal_rcc.c.o
                0x080028d4                HAL_RCC_ClockConfig
 .text.HAL_RCC_GetPCLK1Freq
                0x08002a28       0x24 .pio/build/nucleo_l432kc/SrcWrapper/src/HAL/stm32yyxx_hal_rcc.c.o
                0x08002a28                HAL_RCC_GetPCLK1Freq
 .text.HAL_RCC_GetPCLK2Freq
                0x08002a4c       0x24 .pio/build/nucleo_l432kc/SrcWrapper/src/HAL/stm32yyxx_hal_rcc.c.o
                0x08002a4c                HAL_RCC_GetPCLK2Freq
 .text.HAL_RCC_GetClockConfig
                0x08002a70       0x3c .pio/build/nucleo_l432kc/SrcWrapper/src/HAL/stm32yyxx_hal_rcc.c.o
                0x08002a70                HAL_RCC_GetClockConfig
 .text.RCCEx_PLLSAI1_Config
                0x08002aac      0x10c .pio/build/nucleo_l432kc/SrcWrapper/src/HAL/stm32yyxx_hal_rcc_ex.c.o
 .text.HAL_RCCEx_PeriphCLKConfig
                0x08002bb8      0x2a0 .pio/build/nucleo_l432kc/SrcWrapper/src/HAL/stm32yyxx_hal_rcc_ex.c.o
                0x08002bb8                HAL_RCCEx_PeriphCLKConfig
 .text.HAL_RCCEx_GetPeriphCLKFreq
                0x08002e58      0x37c .pio/build/nucleo_l432kc/SrcWrapper/src/HAL/stm32yyxx_hal_rcc_ex.c.o
                0x08002e58                HAL_RCCEx_GetPeriphCLKFreq
 .text.HAL_RCCEx_EnableMSIPLLMode
                0x080031d4       0x10 .pio/build/nucleo_l432kc/SrcWrapper/src/HAL/stm32yyxx_hal_rcc_ex.c.o
                0x080031d4                HAL_RCCEx_EnableMSIPLLMode
 .text.HAL_TIM_Base_Start
                0x080031e4       0x4c .pio/build/nucleo_l432kc/SrcWrapper/src/HAL/stm32yyxx_hal_tim.c.o
                0x080031e4                HAL_TIM_Base_Start
 .text.HAL_TIM_GenerateEvent
                0x08003230       0x24 .pio/build/nucleo_l432kc/SrcWrapper/src/HAL/stm32yyxx_hal_tim.c.o
                0x08003230                HAL_TIM_GenerateEvent
 .text.HAL_TIM_PWM_PulseFinishedCallback
                0x08003254        0x2 .pio/build/nucleo_l432kc/SrcWrapper/src/HAL/stm32yyxx_hal_tim.c.o
                0x08003254                HAL_TIM_PWM_PulseFinishedCallback
 .text.HAL_TIM_TriggerCallback
                0x08003256        0x2 .pio/build/nucleo_l432kc/SrcWrapper/src/HAL/stm32yyxx_hal_tim.c.o
                0x08003256                HAL_TIM_TriggerCallback
 .text.HAL_TIM_IRQHandler
                0x08003258      0x13e .pio/build/nucleo_l432kc/SrcWrapper/src/HAL/stm32yyxx_hal_tim.c.o
                0x08003258                HAL_TIM_IRQHandler
 *fill*         0x08003396        0x2 
 .text.TIM_Base_SetConfig
                0x08003398       0x68 .pio/build/nucleo_l432kc/SrcWrapper/src/HAL/stm32yyxx_hal_tim.c.o
                0x08003398                TIM_Base_SetConfig
 .text.HAL_TIM_Base_Init
                0x08003400       0x60 .pio/build/nucleo_l432kc/SrcWrapper/src/HAL/stm32yyxx_hal_tim.c.o
                0x08003400                HAL_TIM_Base_Init
 .text.TIM_CCxChannelCmd
                0x08003460       0x1c .pio/build/nucleo_l432kc/SrcWrapper/src/HAL/stm32yyxx_hal_tim.c.o
                0x08003460                TIM_CCxChannelCmd
 .text.HAL_TIM_OC_Start
                0x0800347c       0xd4 .pio/build/nucleo_l432kc/SrcWrapper/src/HAL/stm32yyxx_hal_tim.c.o
                0x0800347c                HAL_TIM_OC_Start
 .text.HAL_TIM_PWM_Start
                0x08003550        0x4 .pio/build/nucleo_l432kc/SrcWrapper/src/HAL/stm32yyxx_hal_tim.c.o
                0x08003550                HAL_TIM_PWM_Start
 .text.HAL_TIM_IC_Start
                0x08003554      0x114 .pio/build/nucleo_l432kc/SrcWrapper/src/HAL/stm32yyxx_hal_tim.c.o
                0x08003554                HAL_TIM_IC_Start
 .text.TIM_CCxNChannelCmd
                0x08003668       0x1c .pio/build/nucleo_l432kc/SrcWrapper/src/HAL/stm32yyxx_hal_tim_ex.c.o
 .text.HAL_TIMEx_OCN_Start
                0x08003684       0x98 .pio/build/nucleo_l432kc/SrcWrapper/src/HAL/stm32yyxx_hal_tim_ex.c.o
                0x08003684                HAL_TIMEx_OCN_Start
 .text.HAL_TIMEx_PWMN_Start
                0x0800371c        0x4 .pio/build/nucleo_l432kc/SrcWrapper/src/HAL/stm32yyxx_hal_tim_ex.c.o
                0x0800371c                HAL_TIMEx_PWMN_Start
 .text.HAL_TIMEx_CommutCallback
                0x08003720        0x2 .pio/build/nucleo_l432kc/SrcWrapper/src/HAL/stm32yyxx_hal_tim_ex.c.o
                0x08003720                HAL_TIMEx_CommutCallback
 .text.HAL_TIMEx_BreakCallback
                0x08003722        0x2 .pio/build/nucleo_l432kc/SrcWrapper/src/HAL/stm32yyxx_hal_tim_ex.c.o
                0x08003722                HAL_TIMEx_BreakCallback
 .text.HAL_TIMEx_Break2Callback
                0x08003724        0x2 .pio/build/nucleo_l432kc/SrcWrapper/src/HAL/stm32yyxx_hal_tim_ex.c.o
                0x08003724                HAL_TIMEx_Break2Callback
 .text.UART_EndRxTransfer
                0x08003726       0x50 .pio/build/nucleo_l432kc/SrcWrapper/src/HAL/stm32yyxx_hal_uart.c.o
 .text.UART_TxISR_8BIT.part.0
                0x08003776       0x26 .pio/build/nucleo_l432kc/SrcWrapper/src/HAL/stm32yyxx_hal_uart.c.o
 .text.UART_TxISR_8BIT
                0x0800379c       0x2e .pio/build/nucleo_l432kc/SrcWrapper/src/HAL/stm32yyxx_hal_uart.c.o
 .text.UART_TxISR_16BIT
                0x080037ca       0x32 .pio/build/nucleo_l432kc/SrcWrapper/src/HAL/stm32yyxx_hal_uart.c.o
 .text.HAL_UART_MspInit
                0x080037fc        0x2 .pio/build/nucleo_l432kc/SrcWrapper/src/HAL/stm32yyxx_hal_uart.c.o
                0x080037fc                HAL_UART_MspInit
 *fill*         0x080037fe        0x2 
 .text.HAL_UART_Transmit_IT
                0x08003800       0x60 .pio/build/nucleo_l432kc/SrcWrapper/src/HAL/stm32yyxx_hal_uart.c.o
                0x08003800                HAL_UART_Transmit_IT
 .text.UART_DMAAbortOnError
                0x08003860       0x14 .pio/build/nucleo_l432kc/SrcWrapper/src/HAL/stm32yyxx_hal_uart.c.o
 .text.HAL_UARTEx_RxEventCallback
                0x08003874        0x2 .pio/build/nucleo_l432kc/SrcWrapper/src/HAL/stm32yyxx_hal_uart.c.o
                0x08003874                HAL_UARTEx_RxEventCallback
 *fill*         0x08003876        0x2 
 .text.HAL_UART_IRQHandler
                0x08003878      0x2e4 .pio/build/nucleo_l432kc/SrcWrapper/src/HAL/stm32yyxx_hal_uart.c.o
                0x08003878                HAL_UART_IRQHandler
 .text.UART_RxISR_8BIT
                0x08003b5c       0xcc .pio/build/nucleo_l432kc/SrcWrapper/src/HAL/stm32yyxx_hal_uart.c.o
 .text.UART_RxISR_16BIT
                0x08003c28       0xc8 .pio/build/nucleo_l432kc/SrcWrapper/src/HAL/stm32yyxx_hal_uart.c.o
 .text.HAL_HalfDuplex_EnableTransmitter
                0x08003cf0       0x48 .pio/build/nucleo_l432kc/SrcWrapper/src/HAL/stm32yyxx_hal_uart.c.o
                0x08003cf0                HAL_HalfDuplex_EnableTransmitter
 .text.HAL_HalfDuplex_EnableReceiver
                0x08003d38       0x48 .pio/build/nucleo_l432kc/SrcWrapper/src/HAL/stm32yyxx_hal_uart.c.o
                0x08003d38                HAL_HalfDuplex_EnableReceiver
 .text.HAL_UART_GetState
                0x08003d80        0xa .pio/build/nucleo_l432kc/SrcWrapper/src/HAL/stm32yyxx_hal_uart.c.o
                0x08003d80                HAL_UART_GetState
 *fill*         0x08003d8a        0x2 
 .text.UART_SetConfig
                0x08003d8c      0x1ac .pio/build/nucleo_l432kc/SrcWrapper/src/HAL/stm32yyxx_hal_uart.c.o
                0x08003d8c                UART_SetConfig
 .text.UART_AdvFeatureConfig
                0x08003f38       0xa8 .pio/build/nucleo_l432kc/SrcWrapper/src/HAL/stm32yyxx_hal_uart.c.o
                0x08003f38                UART_AdvFeatureConfig
 .text.UART_WaitOnFlagUntilTimeout
                0x08003fe0       0x88 .pio/build/nucleo_l432kc/SrcWrapper/src/HAL/stm32yyxx_hal_uart.c.o
                0x08003fe0                UART_WaitOnFlagUntilTimeout
 .text.UART_CheckIdleState
                0x08004068       0xb2 .pio/build/nucleo_l432kc/SrcWrapper/src/HAL/stm32yyxx_hal_uart.c.o
                0x08004068                UART_CheckIdleState
 .text.HAL_UART_Init
                0x0800411a       0x5c .pio/build/nucleo_l432kc/SrcWrapper/src/HAL/stm32yyxx_hal_uart.c.o
                0x0800411a                HAL_UART_Init
 .text.HAL_HalfDuplex_Init
                0x08004176       0x64 .pio/build/nucleo_l432kc/SrcWrapper/src/HAL/stm32yyxx_hal_uart.c.o
                0x08004176                HAL_HalfDuplex_Init
 *fill*         0x080041da        0x2 
 .text.UART_Start_Receive_IT
                0x080041dc       0xb8 .pio/build/nucleo_l432kc/SrcWrapper/src/HAL/stm32yyxx_hal_uart.c.o
                0x080041dc                UART_Start_Receive_IT
 .text.HAL_UART_Receive_IT
                0x08004294       0x44 .pio/build/nucleo_l432kc/SrcWrapper/src/HAL/stm32yyxx_hal_uart.c.o
                0x08004294                HAL_UART_Receive_IT
 .text.HAL_UARTEx_EnableClockStopMode
                0x080042d8       0x32 .pio/build/nucleo_l432kc/SrcWrapper/src/HAL/stm32yyxx_hal_uart_ex.c.o
                0x080042d8                HAL_UARTEx_EnableClockStopMode
 .text.HAL_UARTEx_DisableClockStopMode
                0x0800430a       0x32 .pio/build/nucleo_l432kc/SrcWrapper/src/HAL/stm32yyxx_hal_uart_ex.c.o
                0x0800430a                HAL_UARTEx_DisableClockStopMode
 .text.HAL_UARTEx_EnableStopMode
                0x0800433c       0x2c .pio/build/nucleo_l432kc/SrcWrapper/src/HAL/stm32yyxx_hal_uart_ex.c.o
                0x0800433c                HAL_UARTEx_EnableStopMode
 .text.HAL_UARTEx_DisableStopMode
                0x08004368       0x2c .pio/build/nucleo_l432kc/SrcWrapper/src/HAL/stm32yyxx_hal_uart_ex.c.o
                0x08004368                HAL_UARTEx_DisableStopMode
 .text._ZNSt8functionIFvvEEaSEDn.isra.0
                0x08004394       0x16 .pio/build/nucleo_l432kc/SrcWrapper/src/HardwareTimer.cpp.o
 .text._ZNSt14_Function_baseD2Ev
                0x080043aa       0x12 .pio/build/nucleo_l432kc/SrcWrapper/src/HardwareTimer.cpp.o
                0x080043aa                std::_Function_base::~_Function_base()
                0x080043aa                std::_Function_base::~_Function_base()
 .text._ZN13HardwareTimer10getChannelEm
                0x080043bc        0xe .pio/build/nucleo_l432kc/SrcWrapper/src/HardwareTimer.cpp.o
                0x080043bc                HardwareTimer::getChannel(unsigned long)
 *fill*         0x080043ca        0x2 
 .text._ZN13HardwareTimer12getLLChannelEm
                0x080043cc       0x44 .pio/build/nucleo_l432kc/SrcWrapper/src/HardwareTimer.cpp.o
                0x080043cc                HardwareTimer::getLLChannel(unsigned long)
 .text._ZN13HardwareTimer5getITEm
                0x08004410       0x14 .pio/build/nucleo_l432kc/SrcWrapper/src/HardwareTimer.cpp.o
                0x08004410                HardwareTimer::getIT(unsigned long)
 .text._ZN13HardwareTimer20getAssociatedChannelEm
                0x08004424       0x14 .pio/build/nucleo_l432kc/SrcWrapper/src/HardwareTimer.cpp.o
                0x08004424                HardwareTimer::getAssociatedChannel(unsigned long)
 .text._ZN13HardwareTimer13resumeChannelEm
                0x08004438       0xf8 .pio/build/nucleo_l432kc/SrcWrapper/src/HardwareTimer.cpp.o
                0x08004438                HardwareTimer::resumeChannel(unsigned long)
 .text._ZN13HardwareTimer6resumeEv
                0x08004530       0x42 .pio/build/nucleo_l432kc/SrcWrapper/src/HardwareTimer.cpp.o
                0x08004530                HardwareTimer::resume()
 .text._ZN13HardwareTimer16setPreloadEnableEb
                0x08004572       0x14 .pio/build/nucleo_l432kc/SrcWrapper/src/HardwareTimer.cpp.o
                0x08004572                HardwareTimer::setPreloadEnable(bool)
 .text._ZN13HardwareTimer7refreshEv
                0x08004586        0x8 .pio/build/nucleo_l432kc/SrcWrapper/src/HardwareTimer.cpp.o
                0x08004586                HardwareTimer::refresh()
 .text._ZN13HardwareTimer9isRunningEv
                0x0800458e        0xa .pio/build/nucleo_l432kc/SrcWrapper/src/HardwareTimer.cpp.o
                0x0800458e                HardwareTimer::isRunning()
 .text._ZN13HardwareTimer27updateRegistersIfNotRunningEP11TIM_TypeDef
                0x08004598       0x3a .pio/build/nucleo_l432kc/SrcWrapper/src/HardwareTimer.cpp.o
                0x08004598                HardwareTimer::updateRegistersIfNotRunning(TIM_TypeDef*)
 .text._ZN13HardwareTimer17setPrescaleFactorEm
                0x080045d2        0xc .pio/build/nucleo_l432kc/SrcWrapper/src/HardwareTimer.cpp.o
                0x080045d2                HardwareTimer::setPrescaleFactor(unsigned long)
 *fill*         0x080045de        0x2 
 .text._Z15get_timer_indexP11TIM_TypeDef
                0x080045e0       0x4c .pio/build/nucleo_l432kc/SrcWrapper/src/HardwareTimer.cpp.o
                0x080045e0                get_timer_index(TIM_TypeDef*)
 .text._ZN13HardwareTimerD2Ev
                0x0800462c       0x40 .pio/build/nucleo_l432kc/SrcWrapper/src/HardwareTimer.cpp.o
                0x0800462c                HardwareTimer::~HardwareTimer()
                0x0800462c                HardwareTimer::~HardwareTimer()
 .text._ZN13HardwareTimer5setupEP11TIM_TypeDef
                0x0800466c       0x98 .pio/build/nucleo_l432kc/SrcWrapper/src/HardwareTimer.cpp.o
                0x0800466c                HardwareTimer::setup(TIM_TypeDef*)
 .text._ZN13HardwareTimer15getTimerClkFreqEv
                0x08004704       0x58 .pio/build/nucleo_l432kc/SrcWrapper/src/HardwareTimer.cpp.o
                0x08004704                HardwareTimer::getTimerClkFreq()
 .text._ZN13HardwareTimer11setOverflowEm13TimerFormat_t
                0x0800475c       0x4c .pio/build/nucleo_l432kc/SrcWrapper/src/HardwareTimer.cpp.o
                0x0800475c                HardwareTimer::setOverflow(unsigned long, TimerFormat_t)
 .text.TIM1_UP_TIM16_IRQHandler
                0x080047a8       0x24 .pio/build/nucleo_l432kc/SrcWrapper/src/HardwareTimer.cpp.o
                0x080047a8                TIM1_UP_TIM16_IRQHandler
 .text.TIM1_CC_IRQHandler
                0x080047cc       0x14 .pio/build/nucleo_l432kc/SrcWrapper/src/HardwareTimer.cpp.o
                0x080047cc                TIM1_CC_IRQHandler
 .text.TIM2_IRQHandler
                0x080047e0       0x14 .pio/build/nucleo_l432kc/SrcWrapper/src/HardwareTimer.cpp.o
                0x080047e0                TIM2_IRQHandler
 .text.TIM6_DAC_IRQHandler
                0x080047f4       0x14 .pio/build/nucleo_l432kc/SrcWrapper/src/HardwareTimer.cpp.o
                0x080047f4                TIM6_DAC_IRQHandler
 .text.TIM7_IRQHandler
                0x08004808       0x14 .pio/build/nucleo_l432kc/SrcWrapper/src/HardwareTimer.cpp.o
                0x08004808                TIM7_IRQHandler
 .text.TIM1_BRK_TIM15_IRQHandler
                0x0800481c       0x14 .pio/build/nucleo_l432kc/SrcWrapper/src/HardwareTimer.cpp.o
                0x0800481c                TIM1_BRK_TIM15_IRQHandler
 .text._ZNSt8functionIFvvEEC2Ev
                0x08004830        0xc .pio/build/nucleo_l432kc/SrcWrapper/src/HardwareTimer.cpp.o
                0x08004830                std::function<void ()>::function()
                0x08004830                std::function<void ()>::function()
 .text._ZN13HardwareTimerC2EP11TIM_TypeDef
                0x0800483c       0x2a .pio/build/nucleo_l432kc/SrcWrapper/src/HardwareTimer.cpp.o
                0x0800483c                HardwareTimer::HardwareTimer(TIM_TypeDef*)
                0x0800483c                HardwareTimer::HardwareTimer(TIM_TypeDef*)
 .text._ZNSt8functionIFvvEEC2ERKS1_
                0x08004866       0x24 .pio/build/nucleo_l432kc/SrcWrapper/src/HardwareTimer.cpp.o
                0x08004866                std::function<void ()>::function(std::function<void ()> const&)
                0x08004866                std::function<void ()>::function(std::function<void ()> const&)
 .text._ZNSt8functionIFvvEEaSERKS1_.isra.0
                0x0800488a       0x42 .pio/build/nucleo_l432kc/SrcWrapper/src/HardwareTimer.cpp.o
 .text._ZN13HardwareTimer15attachInterruptESt8functionIFvvEE
                0x080048cc       0x2e .pio/build/nucleo_l432kc/SrcWrapper/src/HardwareTimer.cpp.o
                0x080048cc                HardwareTimer::attachInterrupt(std::function<void ()>)
 .text._ZNKSt8functionIFvvEEclEv
                0x080048fa       0x12 .pio/build/nucleo_l432kc/SrcWrapper/src/HardwareTimer.cpp.o
                0x080048fa                std::function<void ()>::operator()() const
 .text._ZN13HardwareTimer14updateCallbackEP17TIM_HandleTypeDef
                0x0800490c       0x18 .pio/build/nucleo_l432kc/SrcWrapper/src/HardwareTimer.cpp.o
                0x0800490c                HardwareTimer::updateCallback(TIM_HandleTypeDef*)
 .text.HAL_TIM_PeriodElapsedCallback
                0x08004924        0x4 .pio/build/nucleo_l432kc/SrcWrapper/src/HardwareTimer.cpp.o
                0x08004924                HAL_TIM_PeriodElapsedCallback
 .text._ZN13HardwareTimer22captureCompareCallbackEP17TIM_HandleTypeDef
                0x08004928       0x3e .pio/build/nucleo_l432kc/SrcWrapper/src/HardwareTimer.cpp.o
                0x08004928                HardwareTimer::captureCompareCallback(TIM_HandleTypeDef*)
 .text.HAL_TIM_OC_DelayElapsedCallback
                0x08004966        0x4 .pio/build/nucleo_l432kc/SrcWrapper/src/HardwareTimer.cpp.o
                0x08004966                HAL_TIM_OC_DelayElapsedCallback
 .text.HAL_TIM_IC_CaptureCallback
                0x0800496a        0x4 .pio/build/nucleo_l432kc/SrcWrapper/src/HardwareTimer.cpp.o
                0x0800496a                HAL_TIM_IC_CaptureCallback
 .text._Znwj    0x0800496e        0x4 .pio/build/nucleo_l432kc/SrcWrapper/src/new.cpp.o
                0x0800496e                operator new(unsigned int)
 .text._ZdlPvj  0x08004972        0x4 .pio/build/nucleo_l432kc/SrcWrapper/src/new.cpp.o
                0x08004972                operator delete(void*, unsigned int)
 *fill*         0x08004976        0x2 
 .text.set_GPIO_Port_Clock
                0x08004978       0x88 .pio/build/nucleo_l432kc/SrcWrapper/src/stm32/PortNames.c.o
                0x08004978                set_GPIO_Port_Clock
 .text.get_dac_channel
                0x08004a00       0x24 .pio/build/nucleo_l432kc/SrcWrapper/src/stm32/analog.cpp.o
                0x08004a00                get_dac_channel
 .text.HAL_DAC_MspDeInit
                0x08004a24       0x2c .pio/build/nucleo_l432kc/SrcWrapper/src/stm32/analog.cpp.o
                0x08004a24                HAL_DAC_MspDeInit
 .text.dac_stop
                0x08004a50       0x34 .pio/build/nucleo_l432kc/SrcWrapper/src/stm32/analog.cpp.o
                0x08004a50                dac_stop
 .text.pwm_stop
                0x08004a84       0x5c .pio/build/nucleo_l432kc/SrcWrapper/src/stm32/analog.cpp.o
                0x08004a84                pwm_stop
 .text.getCurrentMillis
                0x08004ae0        0x4 .pio/build/nucleo_l432kc/SrcWrapper/src/stm32/clock.c.o
                0x08004ae0                getCurrentMillis
 .text.noOsSystickHandler
                0x08004ae4        0x2 .pio/build/nucleo_l432kc/SrcWrapper/src/stm32/clock.c.o
                0x08004ae4                osSystickHandler
                0x08004ae4                noOsSystickHandler
 .text.SysTick_Handler
                0x08004ae6       0x10 .pio/build/nucleo_l432kc/SrcWrapper/src/stm32/clock.c.o
                0x08004ae6                SysTick_Handler
 *fill*         0x08004af6        0x2 
 .text.enableClock
                0x08004af8       0xc0 .pio/build/nucleo_l432kc/SrcWrapper/src/stm32/clock.c.o
                0x08004af8                enableClock
 .text.configHSECapacitorTuning
                0x08004bb8        0x2 .pio/build/nucleo_l432kc/SrcWrapper/src/stm32/clock.c.o
                0x08004bb8                configHSECapacitorTuning
 *fill*         0x08004bba        0x2 
 .text.configIPClock
                0x08004bbc       0x44 .pio/build/nucleo_l432kc/SrcWrapper/src/stm32/clock.c.o
                0x08004bbc                configIPClock
 .text.dwt_init
                0x08004c00       0x3c .pio/build/nucleo_l432kc/SrcWrapper/src/stm32/dwt.c.o
                0x08004c00                dwt_init
 .text.hw_config_init
                0x08004c3c       0x24 .pio/build/nucleo_l432kc/SrcWrapper/src/stm32/hw_config.c.o
                0x08004c3c                hw_config_init
 .text._ZNSt17_Function_handlerIFvvEPS0_E10_M_managerERSt9_Any_dataRKS3_St18_Manager_operation
                0x08004c60       0x20 .pio/build/nucleo_l432kc/SrcWrapper/src/stm32/interrupt.cpp.o
                0x08004c60                std::_Function_handler<void (), void (*)()>::_M_manager(std::_Any_data&, std::_Any_data const&, std::_Manager_operation)
 .text._ZNSt17_Function_handlerIFvvEPS0_E9_M_invokeERKSt9_Any_data
                0x08004c80        0x4 .pio/build/nucleo_l432kc/SrcWrapper/src/stm32/interrupt.cpp.o
                0x08004c80                std::_Function_handler<void (), void (*)()>::_M_invoke(std::_Any_data const&)
 .text.startup._ZNSt8functionIFvvEEC2EDn.constprop.0.isra.0
                0x08004c84        0xc .pio/build/nucleo_l432kc/SrcWrapper/src/stm32/interrupt.cpp.o
 .text.HAL_GPIO_EXTI_Callback
                0x08004c90       0x2c .pio/build/nucleo_l432kc/SrcWrapper/src/stm32/interrupt.cpp.o
                0x08004c90                HAL_GPIO_EXTI_Callback
 .text.EXTI0_IRQHandler
                0x08004cbc        0x6 .pio/build/nucleo_l432kc/SrcWrapper/src/stm32/interrupt.cpp.o
                0x08004cbc                EXTI0_IRQHandler
 .text.EXTI1_IRQHandler
                0x08004cc2        0x6 .pio/build/nucleo_l432kc/SrcWrapper/src/stm32/interrupt.cpp.o
                0x08004cc2                EXTI1_IRQHandler
 .text.EXTI2_IRQHandler
                0x08004cc8        0x6 .pio/build/nucleo_l432kc/SrcWrapper/src/stm32/interrupt.cpp.o
                0x08004cc8                EXTI2_IRQHandler
 .text.EXTI3_IRQHandler
                0x08004cce        0x6 .pio/build/nucleo_l432kc/SrcWrapper/src/stm32/interrupt.cpp.o
                0x08004cce                EXTI3_IRQHandler
 .text.EXTI4_IRQHandler
                0x08004cd4        0x6 .pio/build/nucleo_l432kc/SrcWrapper/src/stm32/interrupt.cpp.o
                0x08004cd4                EXTI4_IRQHandler
 .text.EXTI9_5_IRQHandler
                0x08004cda       0x16 .pio/build/nucleo_l432kc/SrcWrapper/src/stm32/interrupt.cpp.o
                0x08004cda                EXTI9_5_IRQHandler
 .text.EXTI15_10_IRQHandler
                0x08004cf0       0x18 .pio/build/nucleo_l432kc/SrcWrapper/src/stm32/interrupt.cpp.o
                0x08004cf0                EXTI15_10_IRQHandler
 .text.startup._GLOBAL__sub_I__Z22stm32_interrupt_enableP12GPIO_TypeDeftSt8functionIFvvEEm
                0x08004d08       0xd8 .pio/build/nucleo_l432kc/SrcWrapper/src/stm32/interrupt.cpp.o
 .text.exit._GLOBAL__sub_D__Z22stm32_interrupt_enableP12GPIO_TypeDeftSt8functionIFvvEEm
                0x08004de0       0x1c .pio/build/nucleo_l432kc/SrcWrapper/src/stm32/interrupt.cpp.o
 .text.LL_GPIO_SetPinPull
                0x08004dfc       0x2a .pio/build/nucleo_l432kc/SrcWrapper/src/stm32/pinmap.c.o
 .text.pin_in_pinmap
                0x08004e26       0x1e .pio/build/nucleo_l432kc/SrcWrapper/src/stm32/pinmap.c.o
                0x08004e26                pin_in_pinmap
 .text.pin_function
                0x08004e44      0x11c .pio/build/nucleo_l432kc/SrcWrapper/src/stm32/pinmap.c.o
                0x08004e44                pin_function
 .text.pinmap_pinout
                0x08004f60       0x1a .pio/build/nucleo_l432kc/SrcWrapper/src/stm32/pinmap.c.o
                0x08004f60                pinmap_pinout
 .text.pinmap_find_peripheral
                0x08004f7a       0x16 .pio/build/nucleo_l432kc/SrcWrapper/src/stm32/pinmap.c.o
                0x08004f7a                pinmap_find_peripheral
 .text.pinmap_peripheral
                0x08004f90        0xc .pio/build/nucleo_l432kc/SrcWrapper/src/stm32/pinmap.c.o
                0x08004f90                pinmap_peripheral
 .text.pinmap_find_pin
                0x08004f9c       0x16 .pio/build/nucleo_l432kc/SrcWrapper/src/stm32/pinmap.c.o
                0x08004f9c                pinmap_find_pin
 .text.pinmap_pin
                0x08004fb2        0xc .pio/build/nucleo_l432kc/SrcWrapper/src/stm32/pinmap.c.o
                0x08004fb2                pinmap_pin
 .text.pinmap_find_function
                0x08004fbe       0x16 .pio/build/nucleo_l432kc/SrcWrapper/src/stm32/pinmap.c.o
                0x08004fbe                pinmap_find_function
 .text.pinmap_function
                0x08004fd4        0xa .pio/build/nucleo_l432kc/SrcWrapper/src/stm32/pinmap.c.o
                0x08004fd4                pinmap_function
 .text.pinmap_merge_peripheral
                0x08004fde       0x14 .pio/build/nucleo_l432kc/SrcWrapper/src/stm32/pinmap.c.o
                0x08004fde                pinmap_merge_peripheral
 *fill*         0x08004ff2        0x2 
 .text.SystemInit
                0x08004ff4       0x50 .pio/build/nucleo_l432kc/SrcWrapper/src/stm32/system_stm32yyxx.c.o
                0x08004ff4                SystemInit
 .text.get_timer_obj
                0x08005044        0x4 .pio/build/nucleo_l432kc/SrcWrapper/src/stm32/timer.c.o
                0x08005044                get_timer_obj
 .text.enableTimerClock
                0x08005048       0xc8 .pio/build/nucleo_l432kc/SrcWrapper/src/stm32/timer.c.o
                0x08005048                enableTimerClock
 .text.disableTimerClock
                0x08005110       0x88 .pio/build/nucleo_l432kc/SrcWrapper/src/stm32/timer.c.o
                0x08005110                disableTimerClock
 .text.getTimerUpIrq
                0x08005198       0x54 .pio/build/nucleo_l432kc/SrcWrapper/src/stm32/timer.c.o
                0x08005198                getTimerUpIrq
 .text.getTimerCCIrq
                0x080051ec       0x58 .pio/build/nucleo_l432kc/SrcWrapper/src/stm32/timer.c.o
                0x080051ec                getTimerCCIrq
 .text.HAL_TIM_Base_MspInit
                0x08005244       0x4e .pio/build/nucleo_l432kc/SrcWrapper/src/stm32/timer.c.o
                0x08005244                HAL_TIM_Base_MspInit
 *fill*         0x08005292        0x2 
 .text.getTimerClkSrc
                0x08005294       0x40 .pio/build/nucleo_l432kc/SrcWrapper/src/stm32/timer.c.o
                0x08005294                getTimerClkSrc
 .text.uart_init.part.0
                0x080052d4      0x39c .pio/build/nucleo_l432kc/SrcWrapper/src/stm32/uart.c.o
 .text.uart_init
                0x08005670       0x16 .pio/build/nucleo_l432kc/SrcWrapper/src/stm32/uart.c.o
                0x08005670                uart_init
 *fill*         0x08005686        0x2 
 .text.serial_rx_active
                0x08005688       0x24 .pio/build/nucleo_l432kc/SrcWrapper/src/stm32/uart.c.o
                0x08005688                serial_rx_active
 .text.serial_tx_active
                0x080056ac       0x24 .pio/build/nucleo_l432kc/SrcWrapper/src/stm32/uart.c.o
                0x080056ac                serial_tx_active
 .text.uart_getc
                0x080056d0       0x38 .pio/build/nucleo_l432kc/SrcWrapper/src/stm32/uart.c.o
                0x080056d0                uart_getc
 .text.uart_attach_rx_callback
                0x08005708       0x40 .pio/build/nucleo_l432kc/SrcWrapper/src/stm32/uart.c.o
                0x08005708                uart_attach_rx_callback
 .text.uart_attach_tx_callback
                0x08005748       0x44 .pio/build/nucleo_l432kc/SrcWrapper/src/stm32/uart.c.o
                0x08005748                uart_attach_tx_callback
 .text.uart_enable_tx
                0x0800578c       0x20 .pio/build/nucleo_l432kc/SrcWrapper/src/stm32/uart.c.o
                0x0800578c                uart_enable_tx
 .text.uart_enable_rx
                0x080057ac       0x20 .pio/build/nucleo_l432kc/SrcWrapper/src/stm32/uart.c.o
                0x080057ac                uart_enable_rx
 .text.HAL_UART_RxCpltCallback
                0x080057cc        0x8 .pio/build/nucleo_l432kc/SrcWrapper/src/stm32/uart.c.o
                0x080057cc                HAL_UART_RxCpltCallback
 .text.HAL_UART_TxCpltCallback
                0x080057d4        0x8 .pio/build/nucleo_l432kc/SrcWrapper/src/stm32/uart.c.o
                0x080057d4                HAL_UART_TxCpltCallback
 .text.HAL_UART_ErrorCallback
                0x080057dc       0x48 .pio/build/nucleo_l432kc/SrcWrapper/src/stm32/uart.c.o
                0x080057dc                HAL_UART_ErrorCallback
 .text.USART1_IRQHandler
                0x08005824       0x18 .pio/build/nucleo_l432kc/SrcWrapper/src/stm32/uart.c.o
                0x08005824                USART1_IRQHandler
 .text.USART2_IRQHandler
                0x0800583c       0x1c .pio/build/nucleo_l432kc/SrcWrapper/src/stm32/uart.c.o
                0x0800583c                USART2_IRQHandler
 .text.LPUART1_IRQHandler
                0x08005858       0x18 .pio/build/nucleo_l432kc/SrcWrapper/src/stm32/uart.c.o
                0x08005858                LPUART1_IRQHandler
 .text.HAL_UARTEx_WakeupCallback
                0x08005870        0xa .pio/build/nucleo_l432kc/SrcWrapper/src/stm32/uart.c.o
                0x08005870                HAL_UARTEx_WakeupCallback
 *fill*         0x0800587a        0x2 
 .text._sbrk    0x0800587c       0x3c .pio/build/nucleo_l432kc/SrcWrapper/src/syscalls.c.o
                0x0800587c                _sbrk
 .text._exit    0x080058b8        0x2 .pio/build/nucleo_l432kc/SrcWrapper/src/syscalls.c.o
                0x080058b8                _exit
 *fill*         0x080058ba        0x2 
 .text._kill    0x080058bc       0x10 .pio/build/nucleo_l432kc/SrcWrapper/src/syscalls.c.o
                0x080058bc                _kill
 .text._getpid  0x080058cc        0x4 .pio/build/nucleo_l432kc/SrcWrapper/src/syscalls.c.o
                0x080058cc                _getpid
 .text.setup    0x080058d0       0x90 .pio/build/nucleo_l432kc/src/main.cpp.o
                0x080058d0                setup
 .text.loop     0x08005960        0x2 .pio/build/nucleo_l432kc/src/main.cpp.o
                0x08005960                loop
 *fill*         0x08005962        0x2 
 .text.startup._GLOBAL__sub_I__Z8DegToRadf
                0x08005964       0x24 .pio/build/nucleo_l432kc/src/main.cpp.o
 .text._ZN7VL53L1X19checkTimeoutExpiredEv
                0x08005988       0x1e .pio/build/nucleo_l432kc/lib7f8/libVL53L1X.a(VL53L1X.cpp.o)
                0x08005988                VL53L1X::checkTimeoutExpired()
 *fill*         0x080059a6        0x2 
 .text._ZN7VL53L1XC2Ev
                0x080059a8       0x1c .pio/build/nucleo_l432kc/lib7f8/libVL53L1X.a(VL53L1X.cpp.o)
                0x080059a8                VL53L1X::VL53L1X()
                0x080059a8                VL53L1X::VL53L1X()
 .text._ZN7VL53L1X8writeRegEth
                0x080059c4       0x38 .pio/build/nucleo_l432kc/lib7f8/libVL53L1X.a(VL53L1X.cpp.o)
                0x080059c4                VL53L1X::writeReg(unsigned short, unsigned char)
 .text._ZN7VL53L1X13writeReg16BitEtt
                0x080059fc       0x42 .pio/build/nucleo_l432kc/lib7f8/libVL53L1X.a(VL53L1X.cpp.o)
                0x080059fc                VL53L1X::writeReg16Bit(unsigned short, unsigned short)
 .text._ZN7VL53L1X13writeReg32BitEtm
                0x08005a3e       0x5a .pio/build/nucleo_l432kc/lib7f8/libVL53L1X.a(VL53L1X.cpp.o)
                0x08005a3e                VL53L1X::writeReg32Bit(unsigned short, unsigned long)
 .text._ZN7VL53L1X7readRegENS_7regAddrE
                0x08005a98       0x40 .pio/build/nucleo_l432kc/lib7f8/libVL53L1X.a(VL53L1X.cpp.o)
                0x08005a98                VL53L1X::readReg(VL53L1X::regAddr)
 .text._ZN7VL53L1X12readReg16BitEt
                0x08005ad8       0x4e .pio/build/nucleo_l432kc/lib7f8/libVL53L1X.a(VL53L1X.cpp.o)
                0x08005ad8                VL53L1X::readReg16Bit(unsigned short)
 .text._ZN7VL53L1X15startContinuousEm
                0x08005b26       0x26 .pio/build/nucleo_l432kc/lib7f8/libVL53L1X.a(VL53L1X.cpp.o)
                0x08005b26                VL53L1X::startContinuous(unsigned long)
 .text._ZN7VL53L1X22setupManualCalibrationEv
                0x08005b4c       0x5c .pio/build/nucleo_l432kc/lib7f8/libVL53L1X.a(VL53L1X.cpp.o)
                0x08005b4c                VL53L1X::setupManualCalibration()
 .text._ZN7VL53L1X11readResultsEv
                0x08005ba8       0xe8 .pio/build/nucleo_l432kc/lib7f8/libVL53L1X.a(VL53L1X.cpp.o)
                0x08005ba8                VL53L1X::readResults()
 .text._ZN7VL53L1X9updateDSSEv
                0x08005c90       0x48 .pio/build/nucleo_l432kc/lib7f8/libVL53L1X.a(VL53L1X.cpp.o)
                0x08005c90                VL53L1X::updateDSS()
 .text._ZN7VL53L1X14getRangingDataEv
                0x08005cd8       0x88 .pio/build/nucleo_l432kc/lib7f8/libVL53L1X.a(VL53L1X.cpp.o)
                0x08005cd8                VL53L1X::getRangingData()
 .text._ZN7VL53L1X4readEb
                0x08005d60       0x60 .pio/build/nucleo_l432kc/lib7f8/libVL53L1X.a(VL53L1X.cpp.o)
                0x08005d60                VL53L1X::read(bool)
 .text._ZN7VL53L1X13decodeTimeoutEt
                0x08005dc0        0xc .pio/build/nucleo_l432kc/lib7f8/libVL53L1X.a(VL53L1X.cpp.o)
                0x08005dc0                VL53L1X::decodeTimeout(unsigned short)
 .text._ZN7VL53L1X13encodeTimeoutEm
                0x08005dcc       0x1c .pio/build/nucleo_l432kc/lib7f8/libVL53L1X.a(VL53L1X.cpp.o)
                0x08005dcc                VL53L1X::encodeTimeout(unsigned long)
 .text._ZN7VL53L1X15calcMacroPeriodEh
                0x08005de8       0x1e .pio/build/nucleo_l432kc/lib7f8/libVL53L1X.a(VL53L1X.cpp.o)
                0x08005de8                VL53L1X::calcMacroPeriod(unsigned char)
 *fill*         0x08005e06        0x2 
 .text._ZN7VL53L1X26setMeasurementTimingBudgetEm
                0x08005e08       0xc4 .pio/build/nucleo_l432kc/lib7f8/libVL53L1X.a(VL53L1X.cpp.o)
                0x08005e08                VL53L1X::setMeasurementTimingBudget(unsigned long)
 .text._ZN7VL53L1X26getMeasurementTimingBudgetEv
                0x08005ecc       0x38 .pio/build/nucleo_l432kc/lib7f8/libVL53L1X.a(VL53L1X.cpp.o)
                0x08005ecc                VL53L1X::getMeasurementTimingBudget()
 .text._ZN7VL53L1X15setDistanceModeENS_12DistanceModeE
                0x08005f04       0xf2 .pio/build/nucleo_l432kc/lib7f8/libVL53L1X.a(VL53L1X.cpp.o)
                0x08005f04                VL53L1X::setDistanceMode(VL53L1X::DistanceMode)
 *fill*         0x08005ff6        0x2 
 .text._ZN7VL53L1X4initEb
                0x08005ff8      0x1b8 .pio/build/nucleo_l432kc/lib7f8/libVL53L1X.a(VL53L1X.cpp.o)
                0x08005ff8                VL53L1X::init(bool)
 .text._ZL27Servo_PeriodElapsedCallbackv
                0x080061b0       0xd8 .pio/build/nucleo_l432kc/libbd3/libServo.a(Servo.cpp.o)
 .text._ZN5ServoC2Ev
                0x08006288       0x2c .pio/build/nucleo_l432kc/libbd3/libServo.a(Servo.cpp.o)
                0x08006288                Servo::Servo()
                0x08006288                Servo::Servo()
 .text._ZN5Servo17writeMicrosecondsEi
                0x080062b4       0x38 .pio/build/nucleo_l432kc/libbd3/libServo.a(Servo.cpp.o)
                0x080062b4                Servo::writeMicroseconds(int)
 .text._ZN5Servo5writeEi
                0x080062ec       0x42 .pio/build/nucleo_l432kc/libbd3/libServo.a(Servo.cpp.o)
                0x080062ec                Servo::write(int)
 *fill*         0x0800632e        0x2 
 .text._ZN5Servo6attachEiiii
                0x08006330       0xd4 .pio/build/nucleo_l432kc/libbd3/libServo.a(Servo.cpp.o)
                0x08006330                Servo::attach(int, int, int, int)
 .text._ZN5Servo6attachEii
                0x08006404       0x16 .pio/build/nucleo_l432kc/libbd3/libServo.a(Servo.cpp.o)
                0x08006404                Servo::attach(int, int)
 *fill*         0x0800641a        0x2 
 .text.startup._GLOBAL__sub_I_ServoCount
                0x0800641c       0x10 .pio/build/nucleo_l432kc/libbd3/libServo.a(Servo.cpp.o)
 .text.exit._GLOBAL__sub_D_ServoCount
                0x0800642c        0xc .pio/build/nucleo_l432kc/libbd3/libServo.a(Servo.cpp.o)
 .text._ZN4Base4initEv
                0x08006438       0x2c .pio/build/nucleo_l432kc/libb73/libBase.a(Base.cpp.o)
                0x08006438                Base::init()
 *fill*         0x08006464        0x4 
 .text._ZN4Base3runE6rundir
                0x08006468       0xe0 .pio/build/nucleo_l432kc/libb73/libBase.a(Base.cpp.o)
                0x08006468                Base::run(rundir)
 .text._ZN4Base4stopEv
                0x08006548        0x6 .pio/build/nucleo_l432kc/libb73/libBase.a(Base.cpp.o)
                0x08006548                Base::stop()
 *fill*         0x0800654e        0x2 
 .text._ZN4Base8get_posxEv
                0x08006550       0x7c .pio/build/nucleo_l432kc/libb73/libBase.a(Base.cpp.o)
                0x08006550                Base::get_posx()
 .text._ZN4Base8get_posyEv
                0x080065cc       0x54 .pio/build/nucleo_l432kc/libb73/libBase.a(Base.cpp.o)
                0x080065cc                Base::get_posy()
 .text._ZN4Base11print_paramEv
                0x08006620       0xb4 .pio/build/nucleo_l432kc/libb73/libBase.a(Base.cpp.o)
                0x08006620                Base::print_param()
 .text._ZN14HardwareSerial9availableEv
                0x080066d4       0x10 .pio/build/nucleo_l432kc/libFrameworkArduino.a(HardwareSerial.cpp.o)
                0x080066d4                HardwareSerial::available()
 .text._ZN14HardwareSerial4peekEv
                0x080066e4       0x1a .pio/build/nucleo_l432kc/libFrameworkArduino.a(HardwareSerial.cpp.o)
                0x080066e4                HardwareSerial::peek()
 .text._ZN14HardwareSerial17availableForWriteEv
                0x080066fe       0x1c .pio/build/nucleo_l432kc/libFrameworkArduino.a(HardwareSerial.cpp.o)
                0x080066fe                HardwareSerial::availableForWrite()
 .text._ZN14HardwareSerial5writeEh
                0x0800671a       0x18 .pio/build/nucleo_l432kc/libFrameworkArduino.a(HardwareSerial.cpp.o)
                0x0800671a                HardwareSerial::write(unsigned char)
 .text._ZN14HardwareSerial16_rx_complete_irqEP8serial_s
                0x08006732       0x38 .pio/build/nucleo_l432kc/libFrameworkArduino.a(HardwareSerial.cpp.o)
                0x08006732                HardwareSerial::_rx_complete_irq(serial_s*)
 *fill*         0x0800676a        0x2 
 .text._ZN14HardwareSerial16_tx_complete_irqEP8serial_s
                0x0800676c       0x64 .pio/build/nucleo_l432kc/libFrameworkArduino.a(HardwareSerial.cpp.o)
                0x0800676c                HardwareSerial::_tx_complete_irq(serial_s*)
 .text._ZN14HardwareSerial5writeEPKhj
                0x080067d0       0xe4 .pio/build/nucleo_l432kc/libFrameworkArduino.a(HardwareSerial.cpp.o)
                0x080067d0                HardwareSerial::write(unsigned char const*, unsigned int)
 .text._ZN14HardwareSerial4initE7PinNameS0_S0_S0_
                0x080068b4       0x32 .pio/build/nucleo_l432kc/libFrameworkArduino.a(HardwareSerial.cpp.o)
                0x080068b4                HardwareSerial::init(PinName, PinName, PinName, PinName)
 .text._ZN14HardwareSerial5flushEm
                0x080068e6       0x36 .pio/build/nucleo_l432kc/libFrameworkArduino.a(HardwareSerial.cpp.o)
                0x080068e6                HardwareSerial::flush(unsigned long)
 .text._ZN14HardwareSerial5flushEv
                0x0800691c        0x6 .pio/build/nucleo_l432kc/libFrameworkArduino.a(HardwareSerial.cpp.o)
                0x0800691c                HardwareSerial::flush()
 *fill*         0x08006922        0x2 
 .text._ZN14HardwareSerial5setTxEm
                0x08006924       0x48 .pio/build/nucleo_l432kc/libFrameworkArduino.a(HardwareSerial.cpp.o)
                0x08006924                HardwareSerial::setTx(unsigned long)
 .text._ZN14HardwareSerialC2EPv16HalfDuplexMode_t
                0x0800696c       0xac .pio/build/nucleo_l432kc/libFrameworkArduino.a(HardwareSerial.cpp.o)
                0x0800696c                HardwareSerial::HardwareSerial(void*, HalfDuplexMode_t)
                0x0800696c                HardwareSerial::HardwareSerial(void*, HalfDuplexMode_t)
 .text._ZN14HardwareSerial18enableHalfDuplexRxEv
                0x08006a18       0x2c .pio/build/nucleo_l432kc/libFrameworkArduino.a(HardwareSerial.cpp.o)
                0x08006a18                HardwareSerial::enableHalfDuplexRx()
 .text._ZN14HardwareSerial5beginEmh
                0x08006a44       0x7c .pio/build/nucleo_l432kc/libFrameworkArduino.a(HardwareSerial.cpp.o)
                0x08006a44                HardwareSerial::begin(unsigned long, unsigned char)
 .text._ZN14HardwareSerial4readEv
                0x08006ac0       0x2e .pio/build/nucleo_l432kc/libFrameworkArduino.a(HardwareSerial.cpp.o)
                0x08006ac0                HardwareSerial::read()
 *fill*         0x08006aee        0x2 
 .text.startup._GLOBAL__sub_I_Serial2
                0x08006af0       0x14 .pio/build/nucleo_l432kc/libFrameworkArduino.a(HardwareSerial.cpp.o)
 .text._ZN5Print17availableForWriteEv
                0x08006b04        0x4 .pio/build/nucleo_l432kc/libFrameworkArduino.a(Print.cpp.o)
                0x08006b04                Print::availableForWrite()
 .text._ZN5Print5writeEPKc
                0x08006b08       0x20 .pio/build/nucleo_l432kc/libFrameworkArduino.a(Print.cpp.o)
                0x08006b08                Print::write(char const*)
 .text._ZN5Print5printEPKc
                0x08006b28        0x8 .pio/build/nucleo_l432kc/libFrameworkArduino.a(Print.cpp.o)
                0x08006b28                Print::print(char const*)
 .text._ZN5Print5printEc
                0x08006b30        0x6 .pio/build/nucleo_l432kc/libFrameworkArduino.a(Print.cpp.o)
                0x08006b30                Print::print(char)
 *fill*         0x08006b36        0x2 
 .text._ZN5Print7printlnEv
                0x08006b38       0x10 .pio/build/nucleo_l432kc/libFrameworkArduino.a(Print.cpp.o)
                0x08006b38                Print::println()
 .text._ZN5Print7printlnEPK19__FlashStringHelper
                0x08006b48       0x14 .pio/build/nucleo_l432kc/libFrameworkArduino.a(Print.cpp.o)
                0x08006b48                Print::println(__FlashStringHelper const*)
 .text._ZN5Print7printlnEPKc
                0x08006b5c        0x4 .pio/build/nucleo_l432kc/libFrameworkArduino.a(Print.cpp.o)
                0x08006b5c                Print::println(char const*)
 .text._ZN5Print11printNumberEmh
                0x08006b60       0x3c .pio/build/nucleo_l432kc/libFrameworkArduino.a(Print.cpp.o)
                0x08006b60                Print::printNumber(unsigned long, unsigned char)
 .text._ZN5Print5printEli
                0x08006b9c       0x44 .pio/build/nucleo_l432kc/libFrameworkArduino.a(Print.cpp.o)
                0x08006b9c                Print::print(long, int)
 .text._ZN5Print5printEii
                0x08006be0        0x4 .pio/build/nucleo_l432kc/libFrameworkArduino.a(Print.cpp.o)
                0x08006be0                Print::print(int, int)
 .text._ZN5Print10printFloatIfEEjT_h
                0x08006be4      0x104 .pio/build/nucleo_l432kc/libFrameworkArduino.a(Print.cpp.o)
                0x08006be4                unsigned int Print::printFloat<float>(float, unsigned char)
 .text._ZN5Print5printEfi
                0x08006ce8        0xa .pio/build/nucleo_l432kc/libFrameworkArduino.a(Print.cpp.o)
                0x08006ce8                Print::print(float, int)
 *fill*         0x08006cf2        0x2 
 .text._ZN5Print10printFloatIdEEjT_h
                0x08006cf4      0x174 .pio/build/nucleo_l432kc/libFrameworkArduino.a(Print.cpp.o)
                0x08006cf4                unsigned int Print::printFloat<double>(double, unsigned char)
 .text._ZN5Print5printEdi
                0x08006e68        0xa .pio/build/nucleo_l432kc/libFrameworkArduino.a(Print.cpp.o)
                0x08006e68                Print::print(double, int)
 .text._ZN6Stream9timedReadEv
                0x08006e72       0x2a .pio/build/nucleo_l432kc/libFrameworkArduino.a(Stream.cpp.o)
                0x08006e72                Stream::timedRead()
 .text._ZN6Stream9readBytesEPcj
                0x08006e9c       0x22 .pio/build/nucleo_l432kc/libFrameworkArduino.a(Stream.cpp.o)
                0x08006e9c                Stream::readBytes(char*, unsigned int)
 .text._ZN6Stream14readBytesUntilEcPcj
                0x08006ebe       0x30 .pio/build/nucleo_l432kc/libFrameworkArduino.a(Stream.cpp.o)
                0x08006ebe                Stream::readBytesUntil(char, char*, unsigned int)
 .text._Z3maplllll
                0x08006eee       0x14 .pio/build/nucleo_l432kc/libFrameworkArduino.a(WMath.cpp.o)
                0x08006eee                map(long, long, long, long, long)
 .text.startup._Z7premainv
                0x08006f02       0x10 .pio/build/nucleo_l432kc/libFrameworkArduino.a(main.cpp.o)
                0x08006f02                premain()
 .text.startup.main
                0x08006f12       0x14 .pio/build/nucleo_l432kc/libFrameworkArduino.a(main.cpp.o)
                0x08006f12                main
 *fill*         0x08006f26        0x2 
 .text.Reset_Handler
                0x08006f28       0x50 .pio/build/nucleo_l432kc/libFrameworkArduino.a(startup_stm32yyxx.S.o)
                0x08006f28                Reset_Handler
 .text.Default_Handler
                0x08006f78        0x2 .pio/build/nucleo_l432kc/libFrameworkArduino.a(startup_stm32yyxx.S.o)
                0x08006f78                RTC_Alarm_IRQHandler
                0x08006f78                DebugMon_Handler
                0x08006f78                TSC_IRQHandler
                0x08006f78                HardFault_Handler
                0x08006f78                TAMP_STAMP_IRQHandler
                0x08006f78                PendSV_Handler
                0x08006f78                NMI_Handler
                0x08006f78                LPTIM2_IRQHandler
                0x08006f78                CAN1_RX0_IRQHandler
                0x08006f78                FPU_IRQHandler
                0x08006f78                UsageFault_Handler
                0x08006f78                SPI1_IRQHandler
                0x08006f78                DMA2_Channel2_IRQHandler
                0x08006f78                DMA1_Channel4_IRQHandler
                0x08006f78                ADC1_IRQHandler
                0x08006f78                DMA1_Channel7_IRQHandler
                0x08006f78                CAN1_RX1_IRQHandler
                0x08006f78                DMA2_Channel1_IRQHandler
                0x08006f78                QUADSPI_IRQHandler
                0x08006f78                DMA1_Channel6_IRQHandler
                0x08006f78                DMA2_Channel4_IRQHandler
                0x08006f78                RCC_IRQHandler
                0x08006f78                TIM1_TRG_COM_IRQHandler
                0x08006f78                DMA1_Channel1_IRQHandler
                0x08006f78                Default_Handler
                0x08006f78                DMA2_Channel7_IRQHandler
                0x08006f78                USB_IRQHandler
                0x08006f78                RTC_WKUP_IRQHandler
                0x08006f78                PVD_PVM_IRQHandler
                0x08006f78                MemManage_Handler
                0x08006f78                CAN1_TX_IRQHandler
                0x08006f78                SVC_Handler
                0x08006f78                DMA2_Channel5_IRQHandler
                0x08006f78                CRS_IRQHandler
                0x08006f78                DMA1_Channel5_IRQHandler
                0x08006f78                RNG_IRQHandler
                0x08006f78                DMA1_Channel3_IRQHandler
                0x08006f78                COMP_IRQHandler
                0x08006f78                WWDG_IRQHandler
                0x08006f78                DMA2_Channel6_IRQHandler
                0x08006f78                DMA1_Channel2_IRQHandler
                0x08006f78                CAN1_SCE_IRQHandler
                0x08006f78                FLASH_IRQHandler
                0x08006f78                BusFault_Handler
                0x08006f78                SPI3_IRQHandler
                0x08006f78                SWPMI1_IRQHandler
                0x08006f78                LPTIM1_IRQHandler
                0x08006f78                SAI1_IRQHandler
                0x08006f78                DMA2_Channel3_IRQHandler
 *fill*         0x08006f7a        0x2 
 .text.pinMode  0x08006f7c       0xd4 .pio/build/nucleo_l432kc/libFrameworkArduino.a(wiring_digital.c.o)
                0x08006f7c                pinMode
 .text.digitalWrite
                0x08007050       0x74 .pio/build/nucleo_l432kc/libFrameworkArduino.a(wiring_digital.c.o)
                0x08007050                digitalWrite
 .text.digitalRead
                0x080070c4       0x6c .pio/build/nucleo_l432kc/libFrameworkArduino.a(wiring_digital.c.o)
                0x080070c4                digitalRead
 .text.millis   0x08007130        0x4 .pio/build/nucleo_l432kc/libFrameworkArduino.a(wiring_time.c.o)
                0x08007130                millis
 .text.delay    0x08007134       0x1c .pio/build/nucleo_l432kc/libFrameworkArduino.a(wiring_time.c.o)
                0x08007134                delay
 .text._Z14serialEventRunv
                0x08007150       0x1c .pio/build/nucleo_l432kc/libFrameworkArduino.a(WSerial.cpp.o)
                0x08007150                serialEventRun()
 .text.init     0x0800716c        0x4 .pio/build/nucleo_l432kc/libFrameworkArduino.a(board.c.o)
                0x0800716c                init
 .text.__empty  0x08007170        0x2 .pio/build/nucleo_l432kc/libFrameworkArduino.a(hooks.c.o)
                0x08007170                yield
 *fill*         0x08007172        0x2 
 .text.pinNametoDigitalPin
                0x08007174       0x30 .pio/build/nucleo_l432kc/libFrameworkArduino.a(pins_arduino.c.o)
                0x08007174                pinNametoDigitalPin
 .text.__udivmoddi4
                0x080071a4      0x2bc c:/users/chass/.platformio/packages/toolchain-gccarmnoneeabi/bin/../lib/gcc/arm-none-eabi/12.3.1/thumb/v7e-m+fp/hard\libgcc.a(_udivmoddi4.o)
                0x080071a4                __udivmoddi4
 .text.unlikely._ZSt25__throw_bad_function_callv
                0x08007460        0x6 c:/users/chass/.platformio/packages/toolchain-gccarmnoneeabi/bin/../lib/gcc/arm-none-eabi/12.3.1/../../../../arm-none-eabi/lib/thumb/v7e-m+fp/hard\libstdc++_nano.a(functional.o)
                0x08007460                std::__throw_bad_function_call()
 .text._ZN7TwoWire9availableEv
                0x08007466        0x8 .pio/build/nucleo_l432kc/libeec/libWire.a(Wire.cpp.o)
                0x08007466                TwoWire::available()
 .text._ZN7TwoWire4readEv
                0x0800746e       0x1a .pio/build/nucleo_l432kc/libeec/libWire.a(Wire.cpp.o)
                0x0800746e                TwoWire::read()
 .text._ZN7TwoWire4peekEv
                0x08007488       0x12 .pio/build/nucleo_l432kc/libeec/libWire.a(Wire.cpp.o)
                0x08007488                TwoWire::peek()
 .text._ZN7TwoWire16onRequestServiceEP5i2c_s
                0x0800749a       0x16 .pio/build/nucleo_l432kc/libeec/libWire.a(Wire.cpp.o)
                0x0800749a                TwoWire::onRequestService(i2c_s*)
 .text._ZN7TwoWire3endEv
                0x080074b0       0x28 .pio/build/nucleo_l432kc/libeec/libWire.a(Wire.cpp.o)
                0x080074b0                TwoWire::end()
 .text._ZN7TwoWireD2Ev
                0x080074d8       0x28 .pio/build/nucleo_l432kc/libeec/libWire.a(Wire.cpp.o)
                0x080074d8                TwoWire::~TwoWire()
                0x080074d8                TwoWire::~TwoWire()
 .text._ZN7TwoWire8setClockEm
                0x08007500       0x34 .pio/build/nucleo_l432kc/libeec/libWire.a(Wire.cpp.o)
                0x08007500                TwoWire::setClock(unsigned long)
 .text._ZN7TwoWire17beginTransmissionEh
                0x08007534       0x10 .pio/build/nucleo_l432kc/libeec/libWire.a(Wire.cpp.o)
                0x08007534                TwoWire::beginTransmission(unsigned char)
 .text._ZN7TwoWire16allocateRxBufferEj
                0x08007544       0x24 .pio/build/nucleo_l432kc/libeec/libWire.a(Wire.cpp.o)
                0x08007544                TwoWire::allocateRxBuffer(unsigned int)
 .text._ZN7TwoWire16onReceiveServiceEP5i2c_s
                0x08007568       0x4c .pio/build/nucleo_l432kc/libeec/libWire.a(Wire.cpp.o)
                0x08007568                TwoWire::onReceiveService(i2c_s*)
 .text._ZN7TwoWire16allocateTxBufferEj
                0x080075b4       0x32 .pio/build/nucleo_l432kc/libeec/libWire.a(Wire.cpp.o)
                0x080075b4                TwoWire::allocateTxBuffer(unsigned int)
 .text._ZN7TwoWire5writeEh
                0x080075e6       0x42 .pio/build/nucleo_l432kc/libeec/libWire.a(Wire.cpp.o)
                0x080075e6                TwoWire::write(unsigned char)
 .text._ZN7TwoWire5writeEPKhj
                0x08007628       0x42 .pio/build/nucleo_l432kc/libeec/libWire.a(Wire.cpp.o)
                0x08007628                TwoWire::write(unsigned char const*, unsigned int)
 .text._ZN7TwoWire13resetRxBufferEv
                0x0800766a       0x10 .pio/build/nucleo_l432kc/libeec/libWire.a(Wire.cpp.o)
                0x0800766a                TwoWire::resetRxBuffer()
 .text._ZN7TwoWire13resetTxBufferEv
                0x0800767a       0x10 .pio/build/nucleo_l432kc/libeec/libWire.a(Wire.cpp.o)
                0x0800767a                TwoWire::resetTxBuffer()
 .text._ZN7TwoWire15endTransmissionEh
                0x0800768a       0x44 .pio/build/nucleo_l432kc/libeec/libWire.a(Wire.cpp.o)
                0x0800768a                TwoWire::endTransmission(unsigned char)
 .text._ZN7TwoWire11requestFromEhhmhh
                0x080076ce       0x92 .pio/build/nucleo_l432kc/libeec/libWire.a(Wire.cpp.o)
                0x080076ce                TwoWire::requestFrom(unsigned char, unsigned char, unsigned long, unsigned char, unsigned char)
 .text._ZN7TwoWire11requestFromEhhh
                0x08007760       0x12 .pio/build/nucleo_l432kc/libeec/libWire.a(Wire.cpp.o)
                0x08007760                TwoWire::requestFrom(unsigned char, unsigned char, unsigned char)
 .text._ZN7TwoWire11requestFromEhh
                0x08007772        0x6 .pio/build/nucleo_l432kc/libeec/libWire.a(Wire.cpp.o)
                0x08007772                TwoWire::requestFrom(unsigned char, unsigned char)
 .text._ZN7TwoWire15endTransmissionEv
                0x08007778        0x6 .pio/build/nucleo_l432kc/libeec/libWire.a(Wire.cpp.o)
                0x08007778                TwoWire::endTransmission()
 .text._ZN7TwoWire5flushEv
                0x0800777e       0x18 .pio/build/nucleo_l432kc/libeec/libWire.a(Wire.cpp.o)
                0x0800777e                TwoWire::flush()
 *fill*         0x08007796        0x2 
 .text._ZN7TwoWire10recoverBusEv
                0x08007798       0xcc .pio/build/nucleo_l432kc/libeec/libWire.a(Wire.cpp.o)
                0x08007798                TwoWire::recoverBus()
 .text._ZN7TwoWire5beginEhbb
                0x08007864       0x98 .pio/build/nucleo_l432kc/libeec/libWire.a(Wire.cpp.o)
                0x08007864                TwoWire::begin(unsigned char, bool, bool)
 .text._ZN7TwoWire5beginEb
                0x080078fc        0xa .pio/build/nucleo_l432kc/libeec/libWire.a(Wire.cpp.o)
                0x080078fc                TwoWire::begin(bool)
 .text._ZNSt8functionIFviEEC2Ev
                0x08007906        0xc .pio/build/nucleo_l432kc/libeec/libWire.a(Wire.cpp.o)
                0x08007906                std::function<void (int)>::function()
                0x08007906                std::function<void (int)>::function()
 *fill*         0x08007912        0x2 
 .text._ZN7TwoWireC2Ev
                0x08007914       0x50 .pio/build/nucleo_l432kc/libeec/libWire.a(Wire.cpp.o)
                0x08007914                TwoWire::TwoWire()
                0x08007914                TwoWire::TwoWire()
 .text.startup._GLOBAL__sub_I__ZN7TwoWireC2Ev
                0x08007964        0xc .pio/build/nucleo_l432kc/libeec/libWire.a(Wire.cpp.o)
 .text.exit._GLOBAL__sub_D__ZN7TwoWireC2Ev
                0x08007970        0xc .pio/build/nucleo_l432kc/libeec/libWire.a(Wire.cpp.o)
 .text.i2c_getClkFreq
                0x0800797c       0x80 .pio/build/nucleo_l432kc/libeec/libWire.a(twi.c.o)
 .text.i2c_computeTiming
                0x080079fc      0x23c .pio/build/nucleo_l432kc/libeec/libWire.a(twi.c.o)
 .text.i2c_getTiming
                0x08007c38       0x48 .pio/build/nucleo_l432kc/libeec/libWire.a(twi.c.o)
 .text.i2c_custom_init
                0x08007c80      0x158 .pio/build/nucleo_l432kc/libeec/libWire.a(twi.c.o)
                0x08007c80                i2c_custom_init
 .text.i2c_deinit
                0x08007dd8       0x7c .pio/build/nucleo_l432kc/libeec/libWire.a(twi.c.o)
                0x08007dd8                i2c_deinit
 .text.i2c_setTiming
                0x08007e54       0x26 .pio/build/nucleo_l432kc/libeec/libWire.a(twi.c.o)
                0x08007e54                i2c_setTiming
 .text.i2c_slave_write_IT
                0x08007e7a       0x34 .pio/build/nucleo_l432kc/libeec/libWire.a(twi.c.o)
                0x08007e7a                i2c_slave_write_IT
 .text.i2c_master_read
                0x08007eae       0x8e .pio/build/nucleo_l432kc/libeec/libWire.a(twi.c.o)
                0x08007eae                i2c_master_read
 .text.i2c_IsDeviceReady
                0x08007f3c       0x40 .pio/build/nucleo_l432kc/libeec/libWire.a(twi.c.o)
                0x08007f3c                i2c_IsDeviceReady
 .text.i2c_master_write
                0x08007f7c       0xa2 .pio/build/nucleo_l432kc/libeec/libWire.a(twi.c.o)
                0x08007f7c                i2c_master_write
 .text.i2c_attachSlaveRxEvent
                0x0800801e        0xe .pio/build/nucleo_l432kc/libeec/libWire.a(twi.c.o)
                0x0800801e                i2c_attachSlaveRxEvent
 .text.i2c_attachSlaveTxEvent
                0x0800802c        0xe .pio/build/nucleo_l432kc/libeec/libWire.a(twi.c.o)
                0x0800802c                i2c_attachSlaveTxEvent
 .text.HAL_I2C_AddrCallback
                0x0800803a       0x70 .pio/build/nucleo_l432kc/libeec/libWire.a(twi.c.o)
                0x0800803a                HAL_I2C_AddrCallback
 .text.HAL_I2C_ListenCpltCallback
                0x080080aa       0x2a .pio/build/nucleo_l432kc/libeec/libWire.a(twi.c.o)
                0x080080aa                HAL_I2C_ListenCpltCallback
 .text.HAL_I2C_SlaveRxCpltCallback
                0x080080d4       0x26 .pio/build/nucleo_l432kc/libeec/libWire.a(twi.c.o)
                0x080080d4                HAL_I2C_SlaveRxCpltCallback
 .text.HAL_I2C_SlaveTxCpltCallback
                0x080080fa        0x8 .pio/build/nucleo_l432kc/libeec/libWire.a(twi.c.o)
                0x080080fa                HAL_I2C_SlaveTxCpltCallback
 .text.HAL_I2C_ErrorCallback
                0x08008102        0xc .pio/build/nucleo_l432kc/libeec/libWire.a(twi.c.o)
                0x08008102                HAL_I2C_ErrorCallback
 *fill*         0x0800810e        0x2 
 .text.I2C1_EV_IRQHandler
                0x08008110        0xc .pio/build/nucleo_l432kc/libeec/libWire.a(twi.c.o)
                0x08008110                I2C1_EV_IRQHandler
 .text.I2C1_ER_IRQHandler
                0x0800811c        0xc .pio/build/nucleo_l432kc/libeec/libWire.a(twi.c.o)
                0x0800811c                I2C1_ER_IRQHandler
 .text.I2C3_EV_IRQHandler
                0x08008128        0xc .pio/build/nucleo_l432kc/libeec/libWire.a(twi.c.o)
                0x08008128                I2C3_EV_IRQHandler
 .text.I2C3_ER_IRQHandler
                0x08008134        0xc .pio/build/nucleo_l432kc/libeec/libWire.a(twi.c.o)
                0x08008134                I2C3_ER_IRQHandler
 .text._ZN5Motor4initE4side
                0x08008140       0x2c .pio/build/nucleo_l432kc/libda3/libMotor.a(Motor.cpp.o)
                0x08008140                Motor::init(side)
 *fill*         0x0800816c        0x4 
 .text._ZN5Motor3runE6rundir
                0x08008170       0xc0 .pio/build/nucleo_l432kc/libda3/libMotor.a(Motor.cpp.o)
                0x08008170                Motor::run(rundir)
 .text._ZN3Tof4initEv
                0x08008230       0x5c .pio/build/nucleo_l432kc/libfdf/libTof.a(Tof.cpp.o)
                0x08008230                Tof::init()
 .text._ZN3Tof13print_measureEv
                0x0800828c       0x38 .pio/build/nucleo_l432kc/libfdf/libTof.a(Tof.cpp.o)
                0x0800828c                Tof::print_measure()
 .text.cosf     0x080082c4       0x70 c:/users/chass/.platformio/packages/toolchain-gccarmnoneeabi/bin/../lib/gcc/arm-none-eabi/12.3.1/../../../../arm-none-eabi/lib/thumb/v7e-m+fp/hard\libm.a(libm_a-sf_cos.o)
                0x080082c4                cosf
 .text.sinf     0x08008334       0x74 c:/users/chass/.platformio/packages/toolchain-gccarmnoneeabi/bin/../lib/gcc/arm-none-eabi/12.3.1/../../../../arm-none-eabi/lib/thumb/v7e-m+fp/hard\libm.a(libm_a-sf_sin.o)
                0x08008334                sinf
 .text.__kernel_cosf
                0x080083a8      0x104 c:/users/chass/.platformio/packages/toolchain-gccarmnoneeabi/bin/../lib/gcc/arm-none-eabi/12.3.1/../../../../arm-none-eabi/lib/thumb/v7e-m+fp/hard\libm.a(libm_a-kf_cos.o)
                0x080083a8                __kernel_cosf
 .text.__kernel_sinf
                0x080084ac       0x90 c:/users/chass/.platformio/packages/toolchain-gccarmnoneeabi/bin/../lib/gcc/arm-none-eabi/12.3.1/../../../../arm-none-eabi/lib/thumb/v7e-m+fp/hard\libm.a(libm_a-kf_sin.o)
                0x080084ac                __kernel_sinf
 .text.__ieee754_rem_pio2f
                0x0800853c      0x260 c:/users/chass/.platformio/packages/toolchain-gccarmnoneeabi/bin/../lib/gcc/arm-none-eabi/12.3.1/../../../../arm-none-eabi/lib/thumb/v7e-m+fp/hard\libm.a(libm_a-ef_rem_pio2.o)
                0x0800853c                __ieee754_rem_pio2f
 .text.fabsf    0x0800879c       0x10 c:/users/chass/.platformio/packages/toolchain-gccarmnoneeabi/bin/../lib/gcc/arm-none-eabi/12.3.1/../../../../arm-none-eabi/lib/thumb/v7e-m+fp/hard\libm.a(libm_a-sf_fabs.o)
                0x0800879c                fabsf
 .text.__kernel_rem_pio2f
                0x080087ac      0x66c c:/users/chass/.platformio/packages/toolchain-gccarmnoneeabi/bin/../lib/gcc/arm-none-eabi/12.3.1/../../../../arm-none-eabi/lib/thumb/v7e-m+fp/hard\libm.a(libm_a-kf_rem_pio2.o)
                0x080087ac                __kernel_rem_pio2f
 .text.scalbnf  0x08008e18       0xe4 c:/users/chass/.platformio/packages/toolchain-gccarmnoneeabi/bin/../lib/gcc/arm-none-eabi/12.3.1/../../../../arm-none-eabi/lib/thumb/v7e-m+fp/hard\libm.a(libm_a-sf_scalbn.o)
                0x08008e18                scalbnf
 .text.floorf   0x08008efc       0x94 c:/users/chass/.platformio/packages/toolchain-gccarmnoneeabi/bin/../lib/gcc/arm-none-eabi/12.3.1/../../../../arm-none-eabi/lib/thumb/v7e-m+fp/hard\libm.a(libm_a-sf_floor.o)
                0x08008efc                floorf
 .text.abort    0x08008f90        0xe c:/users/chass/.platformio/packages/toolchain-gccarmnoneeabi/bin/../lib/gcc/arm-none-eabi/12.3.1/../../../../arm-none-eabi/lib/thumb/v7e-m+fp/hard\libc_nano.a(libc_a-abort.o)
                0x08008f90                abort
 *fill*         0x08008f9e        0x2 
 .text.malloc   0x08008fa0       0x10 c:/users/chass/.platformio/packages/toolchain-gccarmnoneeabi/bin/../lib/gcc/arm-none-eabi/12.3.1/../../../../arm-none-eabi/lib/thumb/v7e-m+fp/hard\libc_nano.a(libc_a-malloc.o)
                0x08008fa0                malloc
 .text.free     0x08008fb0       0x10 c:/users/chass/.platformio/packages/toolchain-gccarmnoneeabi/bin/../lib/gcc/arm-none-eabi/12.3.1/../../../../arm-none-eabi/lib/thumb/v7e-m+fp/hard\libc_nano.a(libc_a-malloc.o)
                0x08008fb0                free
 .text.sbrk_aligned
                0x08008fc0       0x44 c:/users/chass/.platformio/packages/toolchain-gccarmnoneeabi/bin/../lib/gcc/arm-none-eabi/12.3.1/../../../../arm-none-eabi/lib/thumb/v7e-m+fp/hard\libc_nano.a(libc_a-mallocr.o)
 .text._malloc_r
                0x08009004      0x100 c:/users/chass/.platformio/packages/toolchain-gccarmnoneeabi/bin/../lib/gcc/arm-none-eabi/12.3.1/../../../../arm-none-eabi/lib/thumb/v7e-m+fp/hard\libc_nano.a(libc_a-mallocr.o)
                0x08009004                _malloc_r
 .text.__malloc_lock
                0x08009104        0xc c:/users/chass/.platformio/packages/toolchain-gccarmnoneeabi/bin/../lib/gcc/arm-none-eabi/12.3.1/../../../../arm-none-eabi/lib/thumb/v7e-m+fp/hard\libc_nano.a(libc_a-mlock.o)
                0x08009104                __malloc_lock
 .text.__malloc_unlock
                0x08009110        0xc c:/users/chass/.platformio/packages/toolchain-gccarmnoneeabi/bin/../lib/gcc/arm-none-eabi/12.3.1/../../../../arm-none-eabi/lib/thumb/v7e-m+fp/hard\libc_nano.a(libc_a-mlock.o)
                0x08009110                __malloc_unlock
 .text.realloc  0x0800911c       0x10 c:/users/chass/.platformio/packages/toolchain-gccarmnoneeabi/bin/../lib/gcc/arm-none-eabi/12.3.1/../../../../arm-none-eabi/lib/thumb/v7e-m+fp/hard\libc_nano.a(libc_a-realloc.o)
                0x0800911c                realloc
 .text._realloc_r
                0x0800912c       0x5c c:/users/chass/.platformio/packages/toolchain-gccarmnoneeabi/bin/../lib/gcc/arm-none-eabi/12.3.1/../../../../arm-none-eabi/lib/thumb/v7e-m+fp/hard\libc_nano.a(libc_a-reallocr.o)
                0x0800912c                _realloc_r
 .text.memset   0x08009188       0x10 c:/users/chass/.platformio/packages/toolchain-gccarmnoneeabi/bin/../lib/gcc/arm-none-eabi/12.3.1/../../../../arm-none-eabi/lib/thumb/v7e-m+fp/hard\libc_nano.a(libc_a-memset.o)
                0x08009188                memset
 .text._raise_r
                0x08009198       0x50 c:/users/chass/.platformio/packages/toolchain-gccarmnoneeabi/bin/../lib/gcc/arm-none-eabi/12.3.1/../../../../arm-none-eabi/lib/thumb/v7e-m+fp/hard\libc_nano.a(libc_a-signal.o)
                0x08009198                _raise_r
 .text.raise    0x080091e8       0x10 c:/users/chass/.platformio/packages/toolchain-gccarmnoneeabi/bin/../lib/gcc/arm-none-eabi/12.3.1/../../../../arm-none-eabi/lib/thumb/v7e-m+fp/hard\libc_nano.a(libc_a-signal.o)
                0x080091e8                raise
 .text._kill_r  0x080091f8       0x24 c:/users/chass/.platformio/packages/toolchain-gccarmnoneeabi/bin/../lib/gcc/arm-none-eabi/12.3.1/../../../../arm-none-eabi/lib/thumb/v7e-m+fp/hard\libc_nano.a(libc_a-signalr.o)
                0x080091f8                _kill_r
 .text._getpid_r
                0x0800921c        0x4 c:/users/chass/.platformio/packages/toolchain-gccarmnoneeabi/bin/../lib/gcc/arm-none-eabi/12.3.1/../../../../arm-none-eabi/lib/thumb/v7e-m+fp/hard\libc_nano.a(libc_a-signalr.o)
                0x0800921c                _getpid_r
 .text._sbrk_r  0x08009220       0x20 c:/users/chass/.platformio/packages/toolchain-gccarmnoneeabi/bin/../lib/gcc/arm-none-eabi/12.3.1/../../../../arm-none-eabi/lib/thumb/v7e-m+fp/hard\libc_nano.a(libc_a-sbrkr.o)
                0x08009220                _sbrk_r
 .text.__libc_init_array
                0x08009240       0x48 c:/users/chass/.platformio/packages/toolchain-gccarmnoneeabi/bin/../lib/gcc/arm-none-eabi/12.3.1/../../../../arm-none-eabi/lib/thumb/v7e-m+fp/hard\libc_nano.a(libc_a-init.o)
                0x08009240                __libc_init_array
 .text.__retarget_lock_acquire_recursive
                0x08009288        0x2 c:/users/chass/.platformio/packages/toolchain-gccarmnoneeabi/bin/../lib/gcc/arm-none-eabi/12.3.1/../../../../arm-none-eabi/lib/thumb/v7e-m+fp/hard\libc_nano.a(libc_a-lock.o)
                0x08009288                __retarget_lock_acquire_recursive
 .text.__retarget_lock_release_recursive
                0x0800928a        0x2 c:/users/chass/.platformio/packages/toolchain-gccarmnoneeabi/bin/../lib/gcc/arm-none-eabi/12.3.1/../../../../arm-none-eabi/lib/thumb/v7e-m+fp/hard\libc_nano.a(libc_a-lock.o)
                0x0800928a                __retarget_lock_release_recursive
 .text.memcpy   0x0800928c       0x1c c:/users/chass/.platformio/packages/toolchain-gccarmnoneeabi/bin/../lib/gcc/arm-none-eabi/12.3.1/../../../../arm-none-eabi/lib/thumb/v7e-m+fp/hard\libc_nano.a(libc_a-memcpy-stub.o)
                0x0800928c                memcpy
 .text._free_r  0x080092a8       0x94 c:/users/chass/.platformio/packages/toolchain-gccarmnoneeabi/bin/../lib/gcc/arm-none-eabi/12.3.1/../../../../arm-none-eabi/lib/thumb/v7e-m+fp/hard\libc_nano.a(libc_a-freer.o)
                0x080092a8                _free_r
 .text._malloc_usable_size_r
                0x0800933c       0x10 c:/users/chass/.platformio/packages/toolchain-gccarmnoneeabi/bin/../lib/gcc/arm-none-eabi/12.3.1/../../../../arm-none-eabi/lib/thumb/v7e-m+fp/hard\libc_nano.a(libc_a-msizer.o)
                0x0800933c                _malloc_usable_size_r
 *(.glue_7)
 .glue_7        0x0800934c        0x0 linker stubs
 *(.glue_7t)
 .glue_7t       0x0800934c        0x0 linker stubs
 *(.eh_frame)
 .eh_frame      0x0800934c        0x0 c:/users/chass/.platformio/packages/toolchain-gccarmnoneeabi/bin/../lib/gcc/arm-none-eabi/12.3.1/thumb/v7e-m+fp/hard/crtbegin.o
 *(.init)
 .init          0x0800934c        0x4 c:/users/chass/.platformio/packages/toolchain-gccarmnoneeabi/bin/../lib/gcc/arm-none-eabi/12.3.1/thumb/v7e-m+fp/hard/crti.o
                0x0800934c                _init
 .init          0x08009350        0x8 c:/users/chass/.platformio/packages/toolchain-gccarmnoneeabi/bin/../lib/gcc/arm-none-eabi/12.3.1/thumb/v7e-m+fp/hard/crtn.o
 *(.fini)
 .fini          0x08009358        0x4 c:/users/chass/.platformio/packages/toolchain-gccarmnoneeabi/bin/../lib/gcc/arm-none-eabi/12.3.1/thumb/v7e-m+fp/hard/crti.o
                0x08009358                _fini
 .fini          0x0800935c        0x8 c:/users/chass/.platformio/packages/toolchain-gccarmnoneeabi/bin/../lib/gcc/arm-none-eabi/12.3.1/thumb/v7e-m+fp/hard/crtn.o
                0x08009364                        . = ALIGN (0x4)
                0x08009364                        _etext = .

.vfp11_veneer   0x08009364        0x0
 .vfp11_veneer  0x08009364        0x0 linker stubs

.v4_bx          0x08009364        0x0
 .v4_bx         0x08009364        0x0 linker stubs

.iplt           0x08009364        0x0
 .iplt          0x08009364        0x0 c:/users/chass/.platformio/packages/toolchain-gccarmnoneeabi/bin/../lib/gcc/arm-none-eabi/12.3.1/thumb/v7e-m+fp/hard/crtbegin.o

.rodata         0x08009364      0x888
                0x08009364                        . = ALIGN (0x4)
 *(.rodata)
 *(.rodata*)
 .rodata.PinMap_UART_CTS
                0x08009364       0x3c .pio/build/nucleo_l432kc/FrameworkArduinoVariant/PeripheralPins.c.o
                0x08009364                PinMap_UART_CTS
 .rodata.PinMap_UART_RTS
                0x080093a0       0x3c .pio/build/nucleo_l432kc/FrameworkArduinoVariant/PeripheralPins.c.o
                0x080093a0                PinMap_UART_RTS
 .rodata.PinMap_UART_RX
                0x080093dc       0x48 .pio/build/nucleo_l432kc/FrameworkArduinoVariant/PeripheralPins.c.o
                0x080093dc                PinMap_UART_RX
 .rodata.PinMap_UART_TX
                0x08009424       0x3c .pio/build/nucleo_l432kc/FrameworkArduinoVariant/PeripheralPins.c.o
                0x08009424                PinMap_UART_TX
 .rodata.PinMap_TIM
                0x08009460       0xf0 .pio/build/nucleo_l432kc/FrameworkArduinoVariant/PeripheralPins.c.o
                0x08009460                PinMap_TIM
 .rodata.PinMap_I2C_SCL
                0x08009550       0x30 .pio/build/nucleo_l432kc/FrameworkArduinoVariant/PeripheralPins.c.o
                0x08009550                PinMap_I2C_SCL
 .rodata.PinMap_I2C_SDA
                0x08009580       0x30 .pio/build/nucleo_l432kc/FrameworkArduinoVariant/PeripheralPins.c.o
                0x08009580                PinMap_I2C_SDA
 .rodata.PinMap_DAC
                0x080095b0       0x24 .pio/build/nucleo_l432kc/FrameworkArduinoVariant/PeripheralPins.c.o
                0x080095b0                PinMap_DAC
 .rodata.analogInputPin
                0x080095d4       0x28 .pio/build/nucleo_l432kc/FrameworkArduinoVariant/variant_NUCLEO_L432KC.cpp.o
                0x080095d4                analogInputPin
 .rodata.digitalPin
                0x080095fc       0x5c .pio/build/nucleo_l432kc/FrameworkArduinoVariant/variant_NUCLEO_L432KC.cpp.o
                0x080095fc                digitalPin
 .rodata.CSWTCH.108
                0x08009658        0x4 .pio/build/nucleo_l432kc/SrcWrapper/src/HardwareTimer.cpp.o
 .rodata.CSWTCH.106
                0x0800965c        0x4 .pio/build/nucleo_l432kc/SrcWrapper/src/HardwareTimer.cpp.o
 .rodata.CSWTCH.104
                0x08009660        0x6 .pio/build/nucleo_l432kc/SrcWrapper/src/HardwareTimer.cpp.o
 *fill*         0x08009666        0x2 
 .rodata.pin_map_ll
                0x08009668       0x40 .pio/build/nucleo_l432kc/SrcWrapper/src/stm32/pinmap.c.o
                0x08009668                pin_map_ll
 .rodata.MSIRangeTable
                0x080096a8       0x30 .pio/build/nucleo_l432kc/SrcWrapper/src/stm32/system_stm32yyxx.c.o
                0x080096a8                MSIRangeTable
 .rodata.APBPrescTable
                0x080096d8        0x8 .pio/build/nucleo_l432kc/SrcWrapper/src/stm32/system_stm32yyxx.c.o
                0x080096d8                APBPrescTable
 .rodata.AHBPrescTable
                0x080096e0       0x10 .pio/build/nucleo_l432kc/SrcWrapper/src/stm32/system_stm32yyxx.c.o
                0x080096e0                AHBPrescTable
 .rodata._ZN4Base11print_paramEv.str1.1
                0x080096f0       0x23 .pio/build/nucleo_l432kc/libb73/libBase.a(Base.cpp.o)
 *fill*         0x08009713        0x1 
 .rodata.CSWTCH.73
                0x08009714        0xc .pio/build/nucleo_l432kc/libFrameworkArduino.a(HardwareSerial.cpp.o)
 .rodata.CSWTCH.72
                0x08009720        0x5 .pio/build/nucleo_l432kc/libFrameworkArduino.a(HardwareSerial.cpp.o)
 *fill*         0x08009725        0x3 
 .rodata._ZTV14HardwareSerial
                0x08009728       0x2c .pio/build/nucleo_l432kc/libFrameworkArduino.a(HardwareSerial.cpp.o)
                0x08009728                vtable for HardwareSerial
 .rodata._ZN5Print7printlnEv.str1.1
                0x08009754        0x3 .pio/build/nucleo_l432kc/libFrameworkArduino.a(Print.cpp.o)
 .rodata._ZN5Print10printFloatIfEEjT_h.str1.1
                0x08009757        0xc .pio/build/nucleo_l432kc/libFrameworkArduino.a(Print.cpp.o)
 *fill*         0x08009763        0x1 
 .rodata._ZTV7TwoWire
                0x08009764       0x2c .pio/build/nucleo_l432kc/libeec/libWire.a(Wire.cpp.o)
                0x08009764                vtable for TwoWire
 .rodata.I2C_Charac
                0x08009790       0x54 .pio/build/nucleo_l432kc/libeec/libWire.a(twi.c.o)
 .rodata._ZN3Tof4initEv.str1.1
                0x080097e4       0x28 .pio/build/nucleo_l432kc/libfdf/libTof.a(Tof.cpp.o)
 .rodata._ZN3Tof13print_measureEv.str1.1
                0x0800980c       0x10 .pio/build/nucleo_l432kc/libfdf/libTof.a(Tof.cpp.o)
 .rodata.npio2_hw
                0x0800981c       0x80 c:/users/chass/.platformio/packages/toolchain-gccarmnoneeabi/bin/../lib/gcc/arm-none-eabi/12.3.1/../../../../arm-none-eabi/lib/thumb/v7e-m+fp/hard\libm.a(libm_a-ef_rem_pio2.o)
 .rodata.two_over_pi
                0x0800989c      0x318 c:/users/chass/.platformio/packages/toolchain-gccarmnoneeabi/bin/../lib/gcc/arm-none-eabi/12.3.1/../../../../arm-none-eabi/lib/thumb/v7e-m+fp/hard\libm.a(libm_a-ef_rem_pio2.o)
 .rodata.PIo2   0x08009bb4       0x2c c:/users/chass/.platformio/packages/toolchain-gccarmnoneeabi/bin/../lib/gcc/arm-none-eabi/12.3.1/../../../../arm-none-eabi/lib/thumb/v7e-m+fp/hard\libm.a(libm_a-kf_rem_pio2.o)
 .rodata.init_jk
                0x08009be0        0xc c:/users/chass/.platformio/packages/toolchain-gccarmnoneeabi/bin/../lib/gcc/arm-none-eabi/12.3.1/../../../../arm-none-eabi/lib/thumb/v7e-m+fp/hard\libm.a(libm_a-kf_rem_pio2.o)
                0x08009bec                        . = ALIGN (0x4)

.ARM.extab      0x08009bec        0x0
                0x08009bec                        . = ALIGN (0x4)
 *(.ARM.extab* .gnu.linkonce.armextab.*)
                0x08009bec                        . = ALIGN (0x4)

.ARM            0x08009bec        0x8
                0x08009bec                        . = ALIGN (0x4)
                0x08009bec                        __exidx_start = .
 *(.ARM.exidx*)